Component: ARM Compiler 5.06 update 3 (build 300) Tool: armlink [4d35c9]

==============================================================================

Section Cross References

    main.o(i.CPU_IDLE) refers to stm32f10x_gpio.o(i.GPIO_SetBits) for GPIO_SetBits
    main.o(i.CPU_IDLE) refers to stm32f10x_gpio.o(i.GPIO_ResetBits) for GPIO_ResetBits
    main.o(i.CPU_IDLE) refers to main.o(.data) for g_FlagDWG
    main.o(i.InitBoard) refers to main.o(i.RCC_Configuration) for RCC_Configuration
    main.o(i.InitBoard) refers to bsp_timer.o(i.bsp_InitTimer) for bsp_InitTimer
    main.o(i.InitBoard) refers to delay.o(i.delay_init) for delay_init
    main.o(i.InitBoard) refers to delay.o(i.delay_ms) for delay_ms
    main.o(i.InitBoard) refers to main.o(i.Init_GPIO) for Init_GPIO
    main.o(i.InitBoard) refers to bsp_fifo_key.o(i.bsp_InitKey) for bsp_InitKey
    main.o(i.InitBoard) refers to bsp_uart_fifo.o(i.bsp_InitUart) for bsp_InitUart
    main.o(i.InitBoard) refers to printf8.o(i.__0printf$8) for __2printf
    main.o(i.InitBoard) refers to bsp_tm1639.o(i.BspTm1639_Config) for BspTm1639_Config
    main.o(i.InitBoard) refers to bsp_dht11.o(i.BspDht11_Config) for BspDht11_Config
    main.o(i.InitBoard) refers to bsp_hc595.o(i.bsp_HC595_Config) for bsp_HC595_Config
    main.o(i.InitBoard) refers to bsp_cd4067.o(i.BspInput_CD4067_Config) for BspInput_CD4067_Config
    main.o(i.InitBoard) refers to bsp_cd4051.o(i.BspInput_CD4051_Config) for BspInput_CD4051_Config
    main.o(i.InitBoard) refers to bsp_cs5463.o(i.Bsp_CS5463_Config) for Bsp_CS5463_Config
    main.o(i.InitBoard) refers to bsp_cs5463.o(i.CS546x_Init) for CS546x_Init
    main.o(i.InitBoard) refers to bsp_timertim3.o(i.TIM3_Int_Init) for TIM3_Int_Init
    main.o(i.InitBoard) refers to bsp_adc.o(i.Adc_Init) for Adc_Init
    main.o(i.InitBoard) refers to bsp_fifo.o(i.bsp_InitCQVar) for bsp_InitCQVar
    main.o(i.InitBoard) refers to system_stm32f10x.o(.data) for SystemCoreClock
    main.o(i.Init_GPIO) refers to stm32f10x_rcc.o(i.RCC_APB2PeriphClockCmd) for RCC_APB2PeriphClockCmd
    main.o(i.Init_GPIO) refers to stm32f10x_gpio.o(i.GPIO_Init) for GPIO_Init
    main.o(i.NVIC_Configuration) refers to misc.o(i.NVIC_PriorityGroupConfig) for NVIC_PriorityGroupConfig
    main.o(i.PutInMemoryBuf) refers to bsp_crc8.o(i.CRC8_Table) for CRC8_Table
    main.o(i.PutInMemoryBuf) refers to main.o(.data) for g_RunningTime
    main.o(i.PutInMemoryBuf) refers to bsp_fifo.o(.bss) for s_gCQ
    main.o(i.PutOutMemoryBuf) refers to memcpya.o(.text) for __aeabi_memcpy
    main.o(i.PutOutMemoryBuf) refers to bsp_fifo.o(.bss) for s_gCQ
    main.o(i.TIM3_IRQHandler) refers to stm32f10x_tim.o(i.TIM_GetITStatus) for TIM_GetITStatus
    main.o(i.TIM3_IRQHandler) refers to bsp_timer.o(i.SysTick_ISR) for SysTick_ISR
    main.o(i.TIM3_IRQHandler) refers to bsp_fifo_key.o(i.bsp_KeyScan) for bsp_KeyScan
    main.o(i.TIM3_IRQHandler) refers to stm32f10x_tim.o(i.TIM_ClearITPendingBit) for TIM_ClearITPendingBit
    main.o(i.TIM3_IRQHandler) refers to main.o(.data) for Time_count
    main.o(i.main) refers to system_stm32f10x.o(i.SystemInit) for SystemInit
    main.o(i.main) refers to main.o(i.InitBoard) for InitBoard
    main.o(i.main) refers to bsp_tm1639.o(i.BspTm1639_Show) for BspTm1639_Show
    main.o(i.main) refers to bsp_can.o(i.CAN_Mode_Init) for CAN_Mode_Init
    main.o(i.main) refers to printf8.o(i.__0printf$8) for __2printf
    main.o(i.main) refers to bsp_timer.o(i.bsp_StartTimer) for bsp_StartTimer
    main.o(i.main) refers to bsp_hc595.o(i.KMOFF_Show) for KMOFF_Show
    main.o(i.main) refers to stm32f10x_gpio.o(i.GPIO_ResetBits) for GPIO_ResetBits
    main.o(i.main) refers to bus_app.o(i.RS485Dat_LED1_ON) for RS485Dat_LED1_ON
    main.o(i.main) refers to bus_app.o(i.RS485Dat_LED2_ON) for RS485Dat_LED2_ON
    main.o(i.main) refers to bus_app.o(i.RS485Dat_LED12_ON) for RS485Dat_LED12_ON
    main.o(i.main) refers to bus_app.o(i.RS485Dat_LED13_ON) for RS485Dat_LED13_ON
    main.o(i.main) refers to bus_app.o(i.RS485Dat_LED14_ON) for RS485Dat_LED14_ON
    main.o(i.main) refers to bus_app.o(i.RS485Dat_LED18_ON) for RS485Dat_LED18_ON
    main.o(i.main) refers to bus_app.o(i.RS485Dat_LED19_ON) for RS485Dat_LED19_ON
    main.o(i.main) refers to bus_app.o(i.RS485Dat_LED20_ON) for RS485Dat_LED20_ON
    main.o(i.main) refers to bus_app.o(i.RS485Dat_LED16_ON) for RS485Dat_LED16_ON
    main.o(i.main) refers to main.o(i.CPU_IDLE) for CPU_IDLE
    main.o(i.main) refers to bsp_timer.o(i.bsp_CheckTimer) for bsp_CheckTimer
    main.o(i.main) refers to bsp_dht11.o(i.DHT11_Read_Data) for DHT11_Read_Data
    main.o(i.main) refers to bsp_cs5463.o(i.Get_InputValue) for Get_InputValue
    main.o(i.main) refers to check_app.o(i.ReadInputDat) for ReadInputDat
    main.o(i.main) refers to bus_app.o(i.DisplaySendDat) for DisplaySendDat
    main.o(i.main) refers to bsp_fifo_key.o(i.bsp_GetKey) for bsp_GetKey
    main.o(i.main) refers to bus_app.o(i.RS485Dat_LED2_OFF) for RS485Dat_LED2_OFF
[...]
    .ARM.Collect$$$$0000000B                 0x08000138   Section        8  entry9a.o(.ARM.Collect$$$$0000000B)
    .ARM.Collect$$$$0000000D                 0x08000140   Section        0  entry10a.o(.ARM.Collect$$$$0000000D)
    .ARM.Collect$$$$0000000F                 0x08000140   Section        0  entry11a.o(.ARM.Collect$$$$0000000F)
    .ARM.Collect$$$$00002712                 0x08000140   Section        4  entry2.o(.ARM.Collect$$$$00002712)
    __lit__00000000                          0x08000140   Data           4  entry2.o(.ARM.Collect$$$$00002712)
    .text                                    0x08000144   Section       36  startup_stm32f10x_hd.o(.text)
    .text                                    0x08000168   Section        0  fmul.o(.text)
    .text                                    0x080001cc   Section        0  ddiv.o(.text)
    .text                                    0x080002aa   Section        0  dfltui.o(.text)
    .text                                    0x080002c4   Section        0  ffixui.o(.text)
    .text                                    0x080002ec   Section        0  d2f.o(.text)
    .text                                    0x08000324   Section        0  uldiv.o(.text)
    .text                                    0x08000386   Section        0  iusefp.o(.text)
    .text                                    0x08000386   Section        0  fepilogue.o(.text)
    .text                                    0x080003f4   Section        0  depilogue.o(.text)
    .text                                    0x080004b0   Section       36  init.o(.text)
    .text                                    0x080004d4   Section        0  llshl.o(.text)
    .text                                    0x080004f2   Section        0  llushr.o(.text)
    .text                                    0x08000512   Section        0  __dczerorl2.o(.text)
    i.ADC_Cmd                                0x08000568   Section        0  stm32f10x_adc.o(i.ADC_Cmd)
    i.ADC_DeInit                             0x08000580   Section        0  stm32f10x_adc.o(i.ADC_DeInit)
    i.ADC_GetCalibrationStatus               0x080005dc   Section        0  stm32f10x_adc.o(i.ADC_GetCalibrationStatus)
    i.ADC_GetResetCalibrationStatus          0x080005f0   Section        0  stm32f10x_adc.o(i.ADC_GetResetCalibrationStatus)
    i.ADC_Init                               0x08000604   Section        0  stm32f10x_adc.o(i.ADC_Init)
    i.ADC_ResetCalibration                   0x08000654   Section        0  stm32f10x_adc.o(i.ADC_ResetCalibration)
    i.ADC_StartCalibration                   0x0800065e   Section        0  stm32f10x_adc.o(i.ADC_StartCalibration)
    i.Adc_Init                               0x08000668   Section        0  bsp_adc.o(i.Adc_Init)
    i.BspDht11_Config                        0x080006f4   Section        0  bsp_dht11.o(i.BspDht11_Config)
    i.BspInput_CD4051_Config                 0x080007e8   Section        0  bsp_cd4051.o(i.BspInput_CD4051_Config)
    i.BspInput_CD4051_Delay_ms               0x0800085c   Section        0  bsp_cd4051.o(i.BspInput_CD4051_Delay_ms)
    i.BspInput_CD4051_Delay_us               0x08000868   Section        0  bsp_cd4051.o(i.BspInput_CD4051_Delay_us)
    i.BspInput_CD4067_Config                 0x08000874   Section        0  bsp_cd4067.o(i.BspInput_CD4067_Config)
    i.BspInput_CD4067_Delay_ms               0x080008b4   Section        0  bsp_cd4067.o(i.BspInput_CD4067_Delay_ms)
    i.BspInput_CD4067_Delay_us               0x080008c0   Section        0  bsp_cd4067.o(i.BspInput_CD4067_Delay_us)
    i.BspLed_Show                            0x080008cc   Section        0  bsp_hc595.o(i.BspLed_Show)
    BspLed_Show                              0x080008cd   Thumb Code   144  bsp_hc595.o(i.BspLed_Show)
    i.BspTM1639_ClearALL                     0x08000960   Section        0  bsp_tm1639.o(i.BspTM1639_ClearALL)
    i.BspTm1639_Config                       0x080009bc   Section        0  bsp_tm1639.o(i.BspTm1639_Config)
    i.BspTm1639_Delay                        0x080009ec   Section        0  bsp_tm1639.o(i.BspTm1639_Delay)
    i.BspTm1639_Show                         0x08000a1c   Section        0  bsp_tm1639.o(i.BspTm1639_Show)
    i.BspTm1639_Writebyte                    0x08000bf0   Section        0  bsp_tm1639.o(i.BspTm1639_Writebyte)
    i.Bsp_CS5463_Config                      0x08000c44   Section        0  bsp_cs5463.o(i.Bsp_CS5463_Config)
    i.BusFault_Handler                       0x08000ca0   Section        0  stm32f10x_it.o(i.BusFault_Handler)
    i.CAN_FilterInit                         0x08000ca4   Section        0  stm32f10x_can.o(i.CAN_FilterInit)
    i.CAN_ITConfig                           0x08000dac   Section        0  stm32f10x_can.o(i.CAN_ITConfig)
    i.CAN_Init                               0x08000dbe   Section        0  stm32f10x_can.o(i.CAN_Init)
    i.CAN_Mode_Init                          0x08000ed4   Section        0  bsp_can.o(i.CAN_Mode_Init)
    i.CAN_Receive                            0x0800106c   Section        0  stm32f10x_can.o(i.CAN_Receive)
    i.CPU_IDLE                               0x0800115c   Section        0  main.o(i.CPU_IDLE)
    i.CRC8_Table                             0x08001194   Section        0  bsp_crc8.o(i.CRC8_Table)
    i.CS5463CMD                              0x080011b4   Section        0  bsp_cs5463.o(i.CS5463CMD)
    CS5463CMD                                0x080011b5   Thumb Code   112  bsp_cs5463.o(i.CS5463CMD)
    i.CS5463ReadReg                          0x0800122c   Section        0  bsp_cs5463.o(i.CS5463ReadReg)
    i.CS5463WriteReg                         0x0800131c   Section        0  bsp_cs5463.o(i.CS5463WriteReg)
    i.CS5463_GetStaReg_Val                   0x080013f8   Section        0  bsp_cs5463.o(i.CS5463_GetStaReg_Val)
    i.CS546x_Get_Irms                        0x08001434   Section        0  bsp_cs5463.o(i.CS546x_Get_Irms)
    i.CS546x_Get_Vrms                        0x080014a8   Section        0  bsp_cs5463.o(i.CS546x_Get_Vrms)
    i.CS546x_Init                            0x0800151c   Section        0  bsp_cs5463.o(i.CS546x_Init)
    i.CS546x_ResetStaReg                     0x0800169c   Section        0  bsp_cs5463.o(i.CS546x_ResetStaReg)
    i.CS546x_WriteReg                        0x080016b4   Section        0  bsp_cs5463.o(i.CS546x_WriteReg)
    i.CS546x_Write_Byte                      0x080016f0   Section        0  bsp_cs5463.o(i.CS546x_Write_Byte)
    i.ComToUart                              0x08001750   Section        0  bsp_uart_fifo.o(i.ComToUart)
    i.ConfigUartNVIC                         0x08001784   Section        0  bsp_uart_fifo.o(i.ConfigUartNVIC)
    ConfigUartNVIC                           0x08001785   Thumb Code    52  bsp_uart_fifo.o(i.ConfigUartNVIC)
    i.DHT11_Check                            0x080017b8   Section        0  bsp_dht11.o(i.DHT11_Check)
    DHT11_Check                              0x080017b9   Thumb Code   108  bsp_dht11.o(i.DHT11_Check)
    i.DHT11_Read_Bit                         0x08001828   Section        0  bsp_dht11.o(i.DHT11_Read_Bit)
    i.DHT11_Read_Byte                        0x08001884   Section        0  bsp_dht11.o(i.DHT11_Read_Byte)
    i.DHT11_Read_Data                        0x080018a4   Section        0  bsp_dht11.o(i.DHT11_Read_Data)
    i.DHT11_Rst                              0x08001908   Section        0  bsp_dht11.o(i.DHT11_Rst)
    DHT11_Rst                                0x08001909   Thumb Code    60  bsp_dht11.o(i.DHT11_Rst)
    i.DebugMon_Handler                       0x08001948   Section        0  stm32f10x_it.o(i.DebugMon_Handler)
    i.DisplaySendDat                         0x0800194c   Section        0  bus_app.o(i.DisplaySendDat)
    i.GPIO_Init                              0x08001978   Section        0  stm32f10x_gpio.o(i.GPIO_Init)
    i.GPIO_ReadInputDataBit                  0x08001a8e   Section        0  stm32f10x_gpio.o(i.GPIO_ReadInputDataBit)
    i.GPIO_ResetBits                         0x08001aa0   Section        0  stm32f10x_gpio.o(i.GPIO_ResetBits)
    i.GPIO_SetBits                           0x08001aa4   Section        0  stm32f10x_gpio.o(i.GPIO_SetBits)
    i.Get_InputValue                         0x08001aa8   Section        0  bsp_cs5463.o(i.Get_InputValue)
    i.HC595_Delay                            0x08001d84   Section        0  bsp_hc595.o(i.HC595_Delay)
    HC595_Delay                              0x08001d85   Thumb Code    28  bsp_hc595.o(i.HC595_Delay)
    i.HardFault_Handler                      0x08001da0   Section        0  stm32f10x_it.o(i.HardFault_Handler)
    i.InitBoard                              0x08001da4   Section        0  main.o(i.InitBoard)
    InitBoard                                0x08001da5   Thumb Code   116  main.o(i.InitBoard)
    i.InitHardUart                           0x08001e78   Section        0  bsp_uart_fifo.o(i.InitHardUart)
    InitHardUart                             0x08001e79   Thumb Code   280  bsp_uart_fifo.o(i.InitHardUart)
    i.Init_GPIO                              0x08001fa0   Section        0  main.o(i.Init_GPIO)
    i.IsKeyDown1                             0x08001fc8   Section        0  bsp_fifo_key.o(i.IsKeyDown1)
    IsKeyDown1                               0x08001fc9   Thumb Code    18  bsp_fifo_key.o(i.IsKeyDown1)
    i.IsKeyDown2                             0x08001fe0   Section        0  bsp_fifo_key.o(i.IsKeyDown2)
    IsKeyDown2                               0x08001fe1   Thumb Code    18  bsp_fifo_key.o(i.IsKeyDown2)
    i.IsKeyDown3                             0x08001ff8   Section        0  bsp_fifo_key.o(i.IsKeyDown3)
    IsKeyDown3                               0x08001ff9   Thumb Code    18  bsp_fifo_key.o(i.IsKeyDown3)
    i.IsKeyDown4                             0x08002010   Section        0  bsp_fifo_key.o(i.IsKeyDown4)
    IsKeyDown4                               0x08002011   Thumb Code    18  bsp_fifo_key.o(i.IsKeyDown4)
    i.KMAutoRUN                              0x08002028   Section        0  check_app.o(i.KMAutoRUN)
    i.KMOFF_Show                             0x08002188   Section        0  bsp_hc595.o(i.KMOFF_Show)
    i.KMON_Show                              0x08002198   Section        0  bsp_hc595.o(i.KMON_Show)
    i.KMOutUpdat                             0x080021a8   Section        0  bsp_hc595.o(i.KMOutUpdat)
    i.MemManage_Handler                      0x080021e0   Section        0  stm32f10x_it.o(i.MemManage_Handler)
    i.NMI_Handler                            0x080021e4   Section        0  stm32f10x_it.o(i.NMI_Handler)
    i.NVIC_Init                              0x080021e8   Section        0  misc.o(i.NVIC_Init)
    i.PendSV_Handler                         0x08002258   Section        0  stm32f10x_it.o(i.PendSV_Handler)
    i.RCC_ADCCLKConfig                       0x0800225c   Section        0  stm32f10x_rcc.o(i.RCC_ADCCLKConfig)
    i.RCC_APB1PeriphClockCmd                 0x08002274   Section        0  stm32f10x_rcc.o(i.RCC_APB1PeriphClockCmd)
    i.RCC_APB2PeriphClockCmd                 0x08002294   Section        0  stm32f10x_rcc.o(i.RCC_APB2PeriphClockCmd)
    i.RCC_APB2PeriphResetCmd                 0x080022b4   Section        0  stm32f10x_rcc.o(i.RCC_APB2PeriphResetCmd)
    i.RCC_Configuration                      0x080022d4   Section        0  main.o(i.RCC_Configuration)
    i.RCC_GetClocksFreq                      0x080022d8   Section        0  stm32f10x_rcc.o(i.RCC_GetClocksFreq)
    i.RS485Dat_LED10_OFF                     0x080023ac   Section        0  bus_app.o(i.RS485Dat_LED10_OFF)
    i.RS485Dat_LED10_ON                      0x080023c0   Section        0  bus_app.o(i.RS485Dat_LED10_ON)
    i.RS485Dat_LED12_OFF                     0x080023d4   Section        0  bus_app.o(i.RS485Dat_LED12_OFF)
    i.RS485Dat_LED12_ON                      0x080023e8   Section        0  bus_app.o(i.RS485Dat_LED12_ON)
    i.RS485Dat_LED13_OFF                     0x080023fc   Section        0  bus_app.o(i.RS485Dat_LED13_OFF)
    i.RS485Dat_LED13_ON                      0x08002410   Section        0  bus_app.o(i.RS485Dat_LED13_ON)
    i.RS485Dat_LED14_OFF                     0x08002424   Section        0  bus_app.o(i.RS485Dat_LED14_OFF)
    i.RS485Dat_LED14_ON                      0x08002438   Section        0  bus_app.o(i.RS485Dat_LED14_ON)
    i.RS485Dat_LED15_OFF                     0x0800244c   Section        0  bus_app.o(i.RS485Dat_LED15_OFF)
    i.RS485Dat_LED15_ON                      0x08002460   Section        0  bus_app.o(i.RS485Dat_LED15_ON)
    i.RS485Dat_LED16_OFF                     0x08002474   Section        0  bus_app.o(i.RS485Dat_LED16_OFF)
    i.RS485Dat_LED16_ON                      0x08002488   Section        0  bus_app.o(i.RS485Dat_LED16_ON)
    i.RS485Dat_LED17_OFF                     0x0800249c   Section        0  bus_app.o(i.RS485Dat_LED17_OFF)
    i.RS485Dat_LED17_ON                      0x080024b0   Section        0  bus_app.o(i.RS485Dat_LED17_ON)
    i.RS485Dat_LED18_OFF                     0x080024c4   Section        0  bus_app.o(i.RS485Dat_LED18_OFF)
    i.RS485Dat_LED18_ON                      0x080024d8   Section        0  bus_app.o(i.RS485Dat_LED18_ON)
    i.RS485Dat_LED19_OFF                     0x080024ec   Section        0  bus_app.o(i.RS485Dat_LED19_OFF)
    i.RS485Dat_LED19_ON                      0x08002500   Section        0  bus_app.o(i.RS485Dat_LED19_ON)
    i.RS485Dat_LED1_ON                       0x08002514   Section        0  bus_app.o(i.RS485Dat_LED1_ON)
    i.RS485Dat_LED20_OFF                     0x08002528   Section        0  bus_app.o(i.RS485Dat_LED20_OFF)
    i.RS485Dat_LED20_ON                      0x0800253c   Section        0  bus_app.o(i.RS485Dat_LED20_ON)
    i.RS485Dat_LED2_OFF                      0x08002550   Section        0  bus_app.o(i.RS485Dat_LED2_OFF)
    i.RS485Dat_LED2_ON                       0x08002564   Section        0  bus_app.o(i.RS485Dat_LED2_ON)
    i.RS485Dat_LED4_OFF                      0x08002578   Section        0  bus_app.o(i.RS485Dat_LED4_OFF)
    i.RS485Dat_LED4_ON                       0x0800258c   Section        0  bus_app.o(i.RS485Dat_LED4_ON)
    i.RS485Dat_LED7_OFF                      0x080025a0   Section        0  bus_app.o(i.RS485Dat_LED7_OFF)
    i.RS485Dat_LED7_ON                       0x080025b4   Section        0  bus_app.o(i.RS485Dat_LED7_ON)
    i.RS485Dat_LED8_OFF                      0x080025c8   Section        0  bus_app.o(i.RS485Dat_LED8_OFF)
    i.RS485Dat_LED8_ON                       0x080025dc   Section        0  bus_app.o(i.RS485Dat_LED8_ON)
    i.RS485Dat_LED9_OFF                      0x080025f0   Section        0  bus_app.o(i.RS485Dat_LED9_OFF)
    i.RS485Dat_LED9_ON                       0x08002604   Section        0  bus_app.o(i.RS485Dat_LED9_ON)
    i.RS485_InitTXE                          0x08002618   Section        0  bsp_uart_fifo.o(i.RS485_InitTXE)
    i.RS485_ReceiveDat                       0x0800264c   Section        0  bsp_uart_fifo.o(i.RS485_ReceiveDat)
    i.RS485_ReciveNew                        0x080026fc   Section        0  bsp_uart_fifo.o(i.RS485_ReciveNew)
    i.RS485_SendBefor                        0x08002700   Section        0  bsp_uart_fifo.o(i.RS485_SendBefor)
    i.RS485_SendBuf                          0x0800270c   Section        0  bsp_uart_fifo.o(i.RS485_SendBuf)
    i.RS485_SendDat                          0x08002730   Section        0  bsp_uart_fifo.o(i.RS485_SendDat)
    i.RS485_SendOver                         0x08002778   Section        0  bsp_uart_fifo.o(i.RS485_SendOver)
    i.ReadInputDat                           0x08002784   Section        0  check_app.o(i.ReadInputDat)
    i.Read_InputDevDat                       0x080029e4   Section        0  bsp_cd4067.o(i.Read_InputDevDat)
    i.Read_Input_KPDevDat                    0x08002b20   Section        0  bsp_cd4051.o(i.Read_Input_KPDevDat)
    i.Read_Optocoupler                       0x08002c68   Section        0  bsp_cd4067.o(i.Read_Optocoupler)
    i.SVC_Handler                            0x08002c88   Section        0  stm32f10x_it.o(i.SVC_Handler)
    i.SetInput_CD4067Switch                  0x08002c8c   Section        0  bsp_cd4067.o(i.SetInput_CD4067Switch)
    SetInput_CD4067Switch                    0x08002c8d   Thumb Code   652  bsp_cd4067.o(i.SetInput_CD4067Switch)
    i.SetInput_CSCD4051Switch                0x08002f1c   Section        0  bsp_cd4051.o(i.SetInput_CSCD4051Switch)
    i.SetInput_IICD4051Switch                0x08002f6c   Section        0  bsp_cd4051.o(i.SetInput_IICD4051Switch)
    i.SetInput_KPCD4051Switch                0x08002fc8   Section        0  bsp_cd4051.o(i.SetInput_KPCD4051Switch)
    SetInput_KPCD4051Switch                  0x08002fc9   Thumb Code   282  bsp_cd4051.o(i.SetInput_KPCD4051Switch)
    i.SetSysClock                            0x080030e8   Section        0  system_stm32f10x.o(i.SetSysClock)
    SetSysClock                              0x080030e9   Thumb Code     8  system_stm32f10x.o(i.SetSysClock)
    i.SetSysClockTo72                        0x080030f0   Section        0  system_stm32f10x.o(i.SetSysClockTo72)
    SetSysClockTo72                          0x080030f1   Thumb Code   214  system_stm32f10x.o(i.SetSysClockTo72)
    i.SysTick_CLKSourceConfig                0x080031d0   Section        0  misc.o(i.SysTick_CLKSourceConfig)
    i.SysTick_Handler                        0x080031f8   Section        0  stm32f10x_it.o(i.SysTick_Handler)
    i.SysTick_ISR                            0x08003200   Section        0  bsp_timer.o(i.SysTick_ISR)
    i.SystemInit                             0x08003258   Section        0  system_stm32f10x.o(i.SystemInit)
    i.TIM2_IRQHandler                        0x080032b8   Section        0  stm32f10x_it.o(i.TIM2_IRQHandler)
    i.TIM3_IRQHandler                        0x080033a8   Section        0  main.o(i.TIM3_IRQHandler)
    i.TIM3_Int_Init                          0x08003470   Section        0  bsp_timertim3.o(i.TIM3_Int_Init)
    i.TIM_ClearITPendingBit                  0x080034d0   Section        0  stm32f10x_tim.o(i.TIM_ClearITPendingBit)
    i.TIM_Cmd                                0x080034d6   Section        0  stm32f10x_tim.o(i.TIM_Cmd)
    i.TIM_GetCapture1                        0x080034ee   Section        0  stm32f10x_tim.o(i.TIM_GetCapture1)
    i.TIM_GetITStatus                        0x080034f4   Section        0  stm32f10x_tim.o(i.TIM_GetITStatus)
    i.TIM_ITConfig                           0x08003516   Section        0  stm32f10x_tim.o(i.TIM_ITConfig)
    i.TIM_OC1PolarityConfig                  0x08003528   Section        0  stm32f10x_tim.o(i.TIM_OC1PolarityConfig)
    i.TIM_SetCounter                         0x0800353a   Section        0  stm32f10x_tim.o(i.TIM_SetCounter)
    i.TIM_TimeBaseInit                       0x08003540   Section        0  stm32f10x_tim.o(i.TIM_TimeBaseInit)
    i.USART1_IRQHandler                      0x080035e4   Section        0  bsp_uart_fifo.o(i.USART1_IRQHandler)
    i.USART3_IRQHandler                      0x080035f4   Section        0  bsp_uart_fifo.o(i.USART3_IRQHandler)
    i.USART_ClearFlag                        0x08003604   Section        0  stm32f10x_usart.o(i.USART_ClearFlag)
    i.USART_Cmd                              0x08003616   Section        0  stm32f10x_usart.o(i.USART_Cmd)
    i.USART_GetITStatus                      0x0800362e   Section        0  stm32f10x_usart.o(i.USART_GetITStatus)
    i.USART_ITConfig                         0x08003682   Section        0  stm32f10x_usart.o(i.USART_ITConfig)
    i.USART_Init                             0x080036cc   Section        0  stm32f10x_usart.o(i.USART_Init)
    i.USART_ReceiveData                      0x080037a4   Section        0  stm32f10x_usart.o(i.USART_ReceiveData)
    i.USART_SendData                         0x080037ae   Section        0  stm32f10x_usart.o(i.USART_SendData)
    i.USB_LP_CAN1_RX0_IRQHandler             0x080037b8   Section        0  bsp_can.o(i.USB_LP_CAN1_RX0_IRQHandler)
    i.UartGetChar                            0x080037fc   Section        0  bsp_uart_fifo.o(i.UartGetChar)
    UartGetChar                              0x080037fd   Thumb Code    74  bsp_uart_fifo.o(i.UartGetChar)
    i.UartIRQ                                0x08003846   Section        0  bsp_uart_fifo.o(i.UartIRQ)
    UartIRQ                                  0x08003847   Thumb Code   230  bsp_uart_fifo.o(i.UartIRQ)
    i.UartSend                               0x0800392c   Section        0  bsp_uart_fifo.o(i.UartSend)
    UartSend                                 0x0800392d   Thumb Code   114  bsp_uart_fifo.o(i.UartSend)
    i.UartVarInit                            0x080039a0   Section        0  bsp_uart_fifo.o(i.UartVarInit)
    UartVarInit                              0x080039a1   Thumb Code    92  bsp_uart_fifo.o(i.UartVarInit)
    i.UsageFault_Handler                     0x08003a28   Section        0  stm32f10x_it.o(i.UsageFault_Handler)
    i.__0printf$8                            0x08003a2c   Section        0  printf8.o(i.__0printf$8)
    i.__scatterload_copy                     0x08003a4c   Section       14  handlers.o(i.__scatterload_copy)
    i.__scatterload_null                     0x08003a5a   Section        2  handlers.o(i.__scatterload_null)
    i.__scatterload_zeroinit                 0x08003a5c   Section       14  handlers.o(i.__scatterload_zeroinit)
    i.__set_PRIMASK                          0x08003a6a   Section        0  bsp_timer.o(i.__set_PRIMASK)
    __set_PRIMASK                            0x08003a6b   Thumb Code     6  bsp_timer.o(i.__set_PRIMASK)
    i.__set_PRIMASK                          0x08003a70   Section        0  bsp_uart_fifo.o(i.__set_PRIMASK)
    __set_PRIMASK                            0x08003a71   Thumb Code     6  bsp_uart_fifo.o(i.__set_PRIMASK)
    i._printf_core                           0x08003a78   Section        0  printf8.o(i._printf_core)
    _printf_core                             0x08003a79   Thumb Code   996  printf8.o(i._printf_core)
    i._printf_post_padding                   0x08003e88   Section        0  printf8.o(i._printf_post_padding)
    _printf_post_padding                     0x08003e89   Thumb Code    36  printf8.o(i._printf_post_padding)
    i._printf_pre_padding                    0x08003eac   Section        0  printf8.o(i._printf_pre_padding)
    _printf_pre_padding                      0x08003ead   Thumb Code    46  printf8.o(i._printf_pre_padding)
    i.bsp_CheckTimer                         0x08003edc   Section        0  bsp_timer.o(i.bsp_CheckTimer)
    i.bsp_DetectKey                          0x08003f08   Section        0  bsp_fifo_key.o(i.bsp_DetectKey)
    bsp_DetectKey                            0x08003f09   Thumb Code   198  bsp_fifo_key.o(i.bsp_DetectKey)
    i.bsp_GetKey                             0x08003fd4   Section        0  bsp_fifo_key.o(i.bsp_GetKey)
    i.bsp_HC595_Config                       0x08004008   Section        0  bsp_hc595.o(i.bsp_HC595_Config)
    i.bsp_InitCQVar                          0x0800406c   Section        0  bsp_fifo.o(i.bsp_InitCQVar)
    i.bsp_InitKey                            0x08004094   Section        0  bsp_fifo_key.o(i.bsp_InitKey)
    i.bsp_InitKeyHard                        0x080040a0   Section        0  bsp_fifo_key.o(i.bsp_InitKeyHard)
    bsp_InitKeyHard                          0x080040a1   Thumb Code    86  bsp_fifo_key.o(i.bsp_InitKeyHard)
    i.bsp_InitKeyVar                         0x080040fc   Section        0  bsp_fifo_key.o(i.bsp_InitKeyVar)
    bsp_InitKeyVar                           0x080040fd   Thumb Code    88  bsp_fifo_key.o(i.bsp_InitKeyVar)
    i.bsp_InitTimer                          0x0800416c   Section        0  bsp_timer.o(i.bsp_InitTimer)
    i.bsp_InitUart                           0x0800418c   Section        0  bsp_uart_fifo.o(i.bsp_InitUart)
    i.bsp_KeyScan                            0x080041a0   Section        0  bsp_fifo_key.o(i.bsp_KeyScan)
    i.bsp_PutKey                             0x080041b8   Section        0  bsp_fifo_key.o(i.bsp_PutKey)
    i.bsp_SoftTimerDec                       0x080041d8   Section        0  bsp_timer.o(i.bsp_SoftTimerDec)
    bsp_SoftTimerDec                         0x080041d9   Thumb Code    22  bsp_timer.o(i.bsp_SoftTimerDec)
    i.bsp_StartTimer                         0x080041f0   Section        0  bsp_timer.o(i.bsp_StartTimer)
    i.comGetChar                             0x08004220   Section        0  bsp_uart_fifo.o(i.comGetChar)
    i.comSendBuf                             0x0800423e   Section        0  bsp_uart_fifo.o(i.comSendBuf)
    i.delay_init                             0x0800426c   Section        0  delay.o(i.delay_init)
    i.delay_ms                               0x080042b0   Section        0  delay.o(i.delay_ms)
    i.delay_us                               0x080042fc   Section        0  delay.o(i.delay_us)
    i.fputc                                  0x08004348   Section        0  bsp_uart_fifo.o(i.fputc)
    i.main                                   0x08004364   Section        0  main.o(i.main)
    .constdata                               0x080047b4   Section       44  bsp_tm1639.o(.constdata)
    .conststring                             0x080047e0   Section       70  main.o(.conststring)
    .data                                    0x20000000   Section       24  main.o(.data)
    g_FlagDWG                                0x20000017   Data           1  main.o(.data)
    .data                                    0x20000018   Section        4  stm32f10x_it.o(.data)
    .data                                    0x2000001c   Section        4  delay.o(.data)
    fac_us                                   0x2000001c   Data           1  delay.o(.data)
    fac_ms                                   0x2000001e   Data           2  delay.o(.data)
    .data                                    0x20000020   Section        3  bus_app.o(.data)
    .data                                    0x20000023   Section      256  bsp_crc8.o(.data)
    crc_array                                0x20000023   Data         256  bsp_crc8.o(.data)
    .data                                    0x20000124   Section        5  bsp_timer.o(.data)
    s_count                                  0x20000128   Data           1  bsp_timer.o(.data)
    .data                                    0x2000012c   Section        8  bsp_tm1639.o(.data)
    .data                                    0x20000134   Section        8  bsp_uart_fifo.o(.data)
    .data                                    0x2000013c   Section       14  bsp_stmflash.o(.data)
    .data                                    0x2000014a   Section        7  bsp_fifo_key.o(.data)
    s_tKey                                   0x2000014a   Data           7  bsp_fifo_key.o(.data)
    .data                                    0x20000152   Section        4  bsp_hc595.o(.data)
    g_LedShowDat                             0x20000152   Data           2  bsp_hc595.o(.data)
    Old_LedShowDat                           0x20000154   Data           2  bsp_hc595.o(.data)
    .data                                    0x20000156   Section        8  bsp_cd4067.o(.data)
    .data                                    0x2000015e   Section       13  bsp_cd4051.o(.data)
    Count                                    0x2000015e   Data           6  bsp_cd4051.o(.data)
    OldState                                 0x20000164   Data           6  bsp_cd4051.o(.data)
    KMChk_Step                               0x2000016a   Data           1  bsp_cd4051.o(.data)
    .data                                    0x2000016c   Section       21  bsp_cs5463.o(.data)
    CS546x_Buff                              0x2000016c   Data           4  bsp_cs5463.o(.data)
    RX_Buff                                  0x20000170   Data           4  bsp_cs5463.o(.data)
    Voltage_VA                               0x20000178   Data           4  bsp_cs5463.o(.data)
    Voltage_IA                               0x2000017c   Data           4  bsp_cs5463.o(.data)
    Channal                                  0x20000180   Data           1  bsp_cs5463.o(.data)
    .data                                    0x20000181   Section       20  stm32f10x_rcc.o(.data)
    APBAHBPrescTable                         0x20000181   Data          16  stm32f10x_rcc.o(.data)
    ADCPrescTable                            0x20000191   Data           4  stm32f10x_rcc.o(.data)
    .data                                    0x20000198   Section       20  system_stm32f10x.o(.data)
    .bss                                     0x200001ac   Section       12  main.o(.bss)
    .bss                                     0x200001b8   Section       32  check_app.o(.bss)
    .bss                                     0x200001d8   Section       32  bsp_timer.o(.bss)
    .bss                                     0x200001f8   Section     4236  bsp_uart_fifo.o(.bss)
    g_tUart1                                 0x20000234   Data          40  bsp_uart_fifo.o(.bss)
    g_TxBuf1                                 0x2000025c   Data        1024  bsp_uart_fifo.o(.bss)
    g_RxBuf1                                 0x2000065c   Data        1024  bsp_uart_fifo.o(.bss)
    g_tUart3                                 0x20000a5c   Data          40  bsp_uart_fifo.o(.bss)
    g_TxBuf3                                 0x20000a84   Data        1024  bsp_uart_fifo.o(.bss)
    g_RxBuf3                                 0x20000e84   Data        1024  bsp_uart_fifo.o(.bss)
    .bss                                     0x20001284   Section      326  bsp_fifo.o(.bss)
    s_tCQ                                    0x20001327   Data         163  bsp_fifo.o(.bss)
    .bss                                     0x200013cc   Section       64  bsp_fifo_key.o(.bss)
    s_tBtn                                   0x200013cc   Data          64  bsp_fifo_key.o(.bss)
    STACK                                    0x20001410   Section     8192  startup_stm32f10x_hd.o(STACK)

    Global Symbols

    Symbol Name                              Value     Ov Type        Size  Object(Section)

    BuildAttributes$$THM_ISAv4$P$D$K$B$S$PE$A:L22UL41UL21$X:L11$S22US41US21$IEEE1$IW$USESV6$~STKCKD$USESV7$~SHL$OTIME$ROPI$EBA8$MICROLIB$REQ8$PRES8$EABIv2 0x00000000   Number         0  anon$$obj.o ABSOLUTE
    __ARM_use_no_argv                        0x00000000   Number         0  main.o ABSOLUTE
    __use_no_errno                           0x00000000   Number         0  useno.o ABSOLUTE
    __use_no_exception_handling              0x00000000   Number         0  useno.o ABSOLUTE
    __use_no_fp                              0x00000000   Number         0  useno.o ABSOLUTE
    __use_no_heap                            0x00000000   Number         0  useno.o ABSOLUTE
    __use_no_heap_region                     0x00000000   Number         0  useno.o ABSOLUTE
    __use_no_semihosting                     0x00000000   Number         0  useno.o ABSOLUTE
    __use_no_semihosting_swi                 0x00000000   Number         0  useno.o ABSOLUTE
    __use_no_signal_handling                 0x00000000   Number         0  useno.o ABSOLUTE
    _printf_a                                0x00000000   Number         0  stubs.o ABSOLUTE
    _printf_c                                0x00000000   Number         0  stubs.o ABSOLUTE
    _printf_charcount                        0x00000000   Number         0  stubs.o ABSOLUTE
    _printf_d                                0x00000000   Number         0  stubs.o ABSOLUTE
    _printf_e                                0x00000000   Number         0  stubs.o ABSOLUTE
    _printf_f                                0x00000000   Number         0  stubs.o ABSOLUTE
    _printf_flags                            0x00000000   Number         0  stubs.o ABSOLUTE
    _printf_fp_dec                           0x00000000   Number         0  stubs.o ABSOLUTE
    _printf_fp_hex                           0x00000000   Number         0  stubs.o ABSOLUTE
    _printf_g                                0x00000000   Number         0  stubs.o ABSOLUTE
    _printf_i                                0x00000000   Number         0  stubs.o ABSOLUTE
    _printf_int_dec                          0x00000000   Number         0  stubs.o ABSOLUTE
    _printf_l                                0x00000000   Number         0  stubs.o ABSOLUTE
    _printf_lc                               0x00000000   Number         0  stubs.o ABSOLUTE
    _printf_ll                               0x00000000   Number         0  stubs.o ABSOLUTE
    _printf_lld                              0x00000000   Number         0  stubs.o ABSOLUTE
    _printf_lli                              0x00000000   Number         0  stubs.o ABSOLUTE
    _printf_llo                              0x00000000   Number         0  stubs.o ABSOLUTE
    _printf_llu                              0x00000000   Number         0  stubs.o ABSOLUTE
    _printf_llx                              0x00000000   Number         0  stubs.o ABSOLUTE
    _printf_longlong_dec                     0x00000000   Number         0  stubs.o ABSOLUTE
    _printf_longlong_hex                     0x00000000   Number         0  stubs.o ABSOLUTE
    _printf_longlong_oct                     0x00000000   Number         0  stubs.o ABSOLUTE
    _printf_ls                               0x00000000   Number         0  stubs.o ABSOLUTE
    _printf_mbtowc                           0x00000000   Number         0  stubs.o ABSOLUTE
    _printf_n                                0x00000000   Number         0  stubs.o ABSOLUTE
    _printf_o                                0x00000000   Number         0  stubs.o ABSOLUTE
    _printf_p                                0x00000000   Number         0  stubs.o ABSOLUTE
    _printf_percent                          0x00000000   Number         0  stubs.o ABSOLUTE
    _printf_pre_padding                      0x00000000   Number         0  stubs.o ABSOLUTE
    _printf_return_value                     0x00000000   Number         0  stubs.o ABSOLUTE
    _printf_s                                0x00000000   Number         0  stubs.o ABSOLUTE
    _printf_sizespec                         0x00000000   Number         0  stubs.o ABSOLUTE
    _printf_str                              0x00000000   Number         0  stubs.o ABSOLUTE
    _printf_truncate_signed                  0x00000000   Number         0  stubs.o ABSOLUTE
    _printf_truncate_unsigned                0x00000000   Number         0  stubs.o ABSOLUTE
    _printf_u                                0x00000000   Number         0  stubs.o ABSOLUTE
    _printf_wc                               0x00000000   Number         0  stubs.o ABSOLUTE
    _printf_wctomb                           0x00000000   Number         0  stubs.o ABSOLUTE
    _printf_widthprec                        0x00000000   Number         0  stubs.o ABSOLUTE
    _printf_x                                0x00000000   Number         0  stubs.o ABSOLUTE
    __cpp_initialize__aeabi_                  - Undefined Weak Reference
    __cxa_finalize                            - Undefined Weak Reference
    _clock_init                               - Undefined Weak Reference
    _microlib_exit                            - Undefined Weak Reference
    __Vectors_Size                           0x00000130   Number         0  startup_stm32f10x_hd.o ABSOLUTE
    __Vectors                                0x08000000   Data           4  startup_stm32f10x_hd.o(RESET)
    __Vectors_End                            0x08000130   Data           0  startup_stm32f10x_hd.o(RESET)
    __main                                   0x08000131   Thumb Code     0  entry.o(.ARM.Collect$$$$00000000)
    _main_stk                                0x08000131   Thumb Code     0  entry2.o(.ARM.Collect$$$$00000001)
    _main_scatterload                        0x08000135   Thumb Code     0  entry5.o(.ARM.Collect$$$$00000004)
    __main_after_scatterload                 0x08000139   Thumb Code     0  entry5.o(.ARM.Collect$$$$00000004)
    _main_clock                              0x08000139   Thumb Code     0  entry7b.o(.ARM.Collect$$$$00000008)
    _main_cpp_init                           0x08000139   Thumb Code     0  entry8b.o(.ARM.Collect$$$$0000000A)
    _main_init                               0x08000139   Thumb Code     0  entry9a.o(.ARM.Collect$$$$0000000B)
    __rt_final_cpp                           0x08000141   Thumb Code     0  entry10a.o(.ARM.Collect$$$$0000000D)
    __rt_final_exit                          0x08000141   Thumb Code     0  entry11a.o(.ARM.Collect$$$$0000000F)
    Reset_Handler                            0x08000145   Thumb Code     8  startup_stm32f10x_hd.o(.text)
    ADC1_2_IRQHandler                        0x0800015f   Thumb Code     0  startup_stm32f10x_hd.o(.text)
    ADC3_IRQHandler                          0x0800015f   Thumb Code     0  startup_stm32f10x_hd.o(.text)
    CAN1_RX1_IRQHandler                      0x0800015f   Thumb Code     0  startup_stm32f10x_hd.o(.text)
    CAN1_SCE_IRQHandler                      0x0800015f   Thumb Code     0  startup_stm32f10x_hd.o(.text)
    DMA1_Channel1_IRQHandler                 0x0800015f   Thumb Code     0  startup_stm32f10x_hd.o(.text)
    DMA1_Channel2_IRQHandler                 0x0800015f   Thumb Code     0  startup_stm32f10x_hd.o(.text)
    DMA1_Channel3_IRQHandler                 0x0800015f   Thumb Code     0  startup_stm32f10x_hd.o(.text)
    DMA1_Channel4_IRQHandler                 0x0800015f   Thumb Code     0  startup_stm32f10x_hd.o(.text)
    DMA1_Channel5_IRQHandler                 0x0800015f   Thumb Code     0  startup_stm32f10x_hd.o(.text)
    DMA1_Channel6_IRQHandler                 0x0800015f   Thumb Code     0  startup_stm32f10x_hd.o(.text)
    DMA1_Channel7_IRQHandler                 0x0800015f   Thumb Code     0  startup_stm32f10x_hd.o(.text)
    DMA2_Channel1_IRQHandler                 0x0800015f   Thumb Code     0  startup_stm32f10x_hd.o(.text)
    DMA2_Channel2_IRQHandler                 0x0800015f   Thumb Code     0  startup_stm32f10x_hd.o(.text)
    DMA2_Channel3_IRQHandler                 0x0800015f   Thumb Code     0  startup_stm32f10x_hd.o(.text)
    DMA2_Channel4_5_IRQHandler               0x0800015f   Thumb Code     0  startup_stm32f10x_hd.o(.text)
    EXTI0_IRQHandler                         0x0800015f   Thumb Code     0  startup_stm32f10x_hd.o(.text)
    EXTI15_10_IRQHandler                     0x0800015f   Thumb Code     0  startup_stm32f10x_hd.o(.text)
    EXTI1_IRQHandler                         0x0800015f   Thumb Code     0  startup_stm32f10x_hd.o(.text)
    EXTI2_IRQHandler                         0x0800015f   Thumb Code     0  startup_stm32f10x_hd.o(.text)
    EXTI3_IRQHandler                         0x0800015f   Thumb Code     0  startup_stm32f10x_hd.o(.text)
    EXTI4_IRQHandler                         0x0800015f   Thumb Code     0  startup_stm32f10x_hd.o(.text)
    EXTI9_5_IRQHandler                       0x0800015f   Thumb Code     0  startup_stm32f10x_hd.o(.text)
    FLASH_IRQHandler                         0x0800015f   Thumb Code     0  startup_stm32f10x_hd.o(.text)
    FSMC_IRQHandler                          0x0800015f   Thumb Code     0  startup_stm32f10x_hd.o(.text)
    I2C1_ER_IRQHandler                       0x0800015f   Thumb Code     0  startup_stm32f10x_hd.o(.text)
    I2C1_EV_IRQHandler                       0x0800015f   Thumb Code     0  startup_stm32f10x_hd.o(.text)
    I2C2_ER_IRQHandler                       0x0800015f   Thumb Code     0  startup_stm32f10x_hd.o(.text)
    I2C2_EV_IRQHandler                       0x0800015f   Thumb Code     0  startup_stm32f10x_hd.o(.text)
    PVD_IRQHandler                           0x0800015f   Thumb Code     0  startup_stm32f10x_hd.o(.text)
    RCC_IRQHandler                           0x0800015f   Thumb Code     0  startup_stm32f10x_hd.o(.text)
    RTCAlarm_IRQHandler                      0x0800015f   Thumb Code     0  startup_stm32f10x_hd.o(.text)
    RTC_IRQHandler                           0x0800015f   Thumb Code     0  startup_stm32f10x_hd.o(.text)
    SDIO_IRQHandler                          0x0800015f   Thumb Code     0  startup_stm32f10x_hd.o(.text)
    SPI1_IRQHandler                          0x0800015f   Thumb Code     0  startup_stm32f10x_hd.o(.text)
    SPI2_IRQHandler                          0x0800015f   Thumb Code     0  startup_stm32f10x_hd.o(.text)
    SPI3_IRQHandler                          0x0800015f   Thumb Code     0  startup_stm32f10x_hd.o(.text)
    TAMPER_IRQHandler                        0x0800015f   Thumb Code     0  startup_stm32f10x_hd.o(.text)
    TIM1_BRK_IRQHandler                      0x0800015f   Thumb Code     0  startup_stm32f10x_hd.o(.text)
    TIM1_CC_IRQHandler                       0x0800015f   Thumb Code     0  startup_stm32f10x_hd.o(.text)
    TIM1_TRG_COM_IRQHandler                  0x0800015f   Thumb Code     0  startup_stm32f10x_hd.o(.text)
    TIM1_UP_IRQHandler                       0x0800015f   Thumb Code     0  startup_stm32f10x_hd.o(.text)
    TIM4_IRQHandler                          0x0800015f   Thumb Code     0  startup_stm32f10x_hd.o(.text)
    TIM5_IRQHandler                          0x0800015f   Thumb Code     0  startup_stm32f10x_hd.o(.text)
    TIM6_IRQHandler                          0x0800015f   Thumb Code     0  startup_stm32f10x_hd.o(.text)
    TIM7_IRQHandler                          0x0800015f   Thumb Code     0  startup_stm32f10x_hd.o(.text)
    TIM8_BRK_IRQHandler                      0x0800015f   Thumb Code     0  startup_stm32f10x_hd.o(.text)
    TIM8_CC_IRQHandler                       0x0800015f   Thumb Code     0  startup_stm32f10x_hd.o(.text)
    TIM8_TRG_COM_IRQHandler                  0x0800015f   Thumb Code     0  startup_stm32f10x_hd.o(.text)
    TIM8_UP_IRQHandler                       0x0800015f   Thumb Code     0  startup_stm32f10x_hd.o(.text)
    UART4_IRQHandler                         0x0800015f   Thumb Code     0  startup_stm32f10x_hd.o(.text)
    UART5_IRQHandler                         0x0800015f   Thumb Code     0  startup_stm32f10x_hd.o(.text)
    USART2_IRQHandler                        0x0800015f   Thumb Code     0  startup_stm32f10x_hd.o(.text)
    USBWakeUp_IRQHandler                     0x0800015f   Thumb Code     0  startup_stm32f10x_hd.o(.text)
    USB_HP_CAN1_TX_IRQHandler                0x0800015f   Thumb Code     0  startup_stm32f10x_hd.o(.text)
    WWDG_IRQHandler                          0x0800015f   Thumb Code     0  startup_stm32f10x_hd.o(.text)
    __aeabi_fmul                             0x08000169   Thumb Code   100  fmul.o(.text)
    __aeabi_ddiv                             0x080001cd   Thumb Code   222  ddiv.o(.text)
    __aeabi_ui2d                             0x080002ab   Thumb Code    26  dfltui.o(.text)
    __aeabi_f2uiz                            0x080002c5   Thumb Code    40  ffixui.o(.text)
    __aeabi_d2f                              0x080002ed   Thumb Code    56  d2f.o(.text)
    __aeabi_uldivmod                         0x08000325   Thumb Code    98  uldiv.o(.text)
    __I$use$fp                               0x08000387   Thumb Code     0  iusefp.o(.text)
    _float_round                             0x08000387   Thumb Code    18  fepilogue.o(.text)
    _float_epilogue                          0x08000399   Thumb Code    92  fepilogue.o(.text)
    _double_round                            0x080003f5   Thumb Code    30  depilogue.o(.text)
    _double_epilogue                         0x08000413   Thumb Code   156  depilogue.o(.text)
    __scatterload                            0x080004b1   Thumb Code    28  init.o(.text)
    __scatterload_rt2                        0x080004b1   Thumb Code     0  init.o(.text)
    __aeabi_llsl                             0x080004d5   Thumb Code    30  llshl.o(.text)
    _ll_shift_l                              0x080004d5   Thumb Code     0  llshl.o(.text)
    __aeabi_llsr                             0x080004f3   Thumb Code    32  llushr.o(.text)
    _ll_ushift_r                             0x080004f3   Thumb Code     0  llushr.o(.text)
    __decompress                             0x08000513   Thumb Code     0  __dczerorl2.o(.text)
    __decompress1                            0x08000513   Thumb Code    86  __dczerorl2.o(.text)
    ADC_Cmd                                  0x08000569   Thumb Code    22  stm32f10x_adc.o(i.ADC_Cmd)
    ADC_DeInit                               0x08000581   Thumb Code    78  stm32f10x_adc.o(i.ADC_DeInit)
    ADC_GetCalibrationStatus                 0x080005dd   Thumb Code    20  stm32f10x_adc.o(i.ADC_GetCalibrationStatus)
    ADC_GetResetCalibrationStatus            0x080005f1   Thumb Code    20  stm32f10x_adc.o(i.ADC_GetResetCalibrationStatus)
    ADC_Init                                 0x08000605   Thumb Code    70  stm32f10x_adc.o(i.ADC_Init)
    ADC_ResetCalibration                     0x08000655   Thumb Code    10  stm32f10x_adc.o(i.ADC_ResetCalibration)
    ADC_StartCalibration                     0x0800065f   Thumb Code    10  stm32f10x_adc.o(i.ADC_StartCalibration)
    Adc_Init                                 0x08000669   Thumb Code   132  bsp_adc.o(i.Adc_Init)
    BspDht11_Config                          0x080006f5   Thumb Code   148  bsp_dht11.o(i.BspDht11_Config)
    BspInput_CD4051_Config                   0x080007e9   Thumb Code   104  bsp_cd4051.o(i.BspInput_CD4051_Config)
    BspInput_CD4051_Delay_ms                 0x0800085d   Thumb Code    12  bsp_cd4051.o(i.BspInput_CD4051_Delay_ms)
    BspInput_CD4051_Delay_us                 0x08000869   Thumb Code    12  bsp_cd4051.o(i.BspInput_CD4051_Delay_us)
    BspInput_CD4067_Config                   0x08000875   Thumb Code    60  bsp_cd4067.o(i.BspInput_CD4067_Config)
    BspInput_CD4067_Delay_ms                 0x080008b5   Thumb Code    12  bsp_cd4067.o(i.BspInput_CD4067_Delay_ms)
    BspInput_CD4067_Delay_us                 0x080008c1   Thumb Code    12  bsp_cd4067.o(i.BspInput_CD4067_Delay_us)
    BspTM1639_ClearALL                       0x08000961   Thumb Code    88  bsp_tm1639.o(i.BspTM1639_ClearALL)
    BspTm1639_Config                         0x080009bd   Thumb Code    42  bsp_tm1639.o(i.BspTm1639_Config)
    BspTm1639_Delay                          0x080009ed   Thumb Code    46  bsp_tm1639.o(i.BspTm1639_Delay)
    BspTm1639_Show                           0x08000a1d   Thumb Code   448  bsp_tm1639.o(i.BspTm1639_Show)
    BspTm1639_Writebyte                      0x08000bf1   Thumb Code    80  bsp_tm1639.o(i.BspTm1639_Writebyte)
    Bsp_CS5463_Config                        0x08000c45   Thumb Code    84  bsp_cs5463.o(i.Bsp_CS5463_Config)
    BusFault_Handler                         0x08000ca1   Thumb Code     4  stm32f10x_it.o(i.BusFault_Handler)
    CAN_FilterInit                           0x08000ca5   Thumb Code   258  stm32f10x_can.o(i.CAN_FilterInit)
    CAN_ITConfig                             0x08000dad   Thumb Code    18  stm32f10x_can.o(i.CAN_ITConfig)
    CAN_Init                                 0x08000dbf   Thumb Code   276  stm32f10x_can.o(i.CAN_Init)
    CAN_Mode_Init                            0x08000ed5   Thumb Code   392  bsp_can.o(i.CAN_Mode_Init)
    CAN_Receive                              0x0800106d   Thumb Code   240  stm32f10x_can.o(i.CAN_Receive)
    CPU_IDLE                                 0x0800115d   Thumb Code    48  main.o(i.CPU_IDLE)
    CRC8_Table                               0x08001195   Thumb Code    28  bsp_crc8.o(i.CRC8_Table)
    CS5463ReadReg                            0x0800122d   Thumb Code   232  bsp_cs5463.o(i.CS5463ReadReg)
    CS5463WriteReg                           0x0800131d   Thumb Code   210  bsp_cs5463.o(i.CS5463WriteReg)
    CS5463_GetStaReg_Val                     0x080013f9   Thumb Code    56  bsp_cs5463.o(i.CS5463_GetStaReg_Val)
    CS546x_Get_Irms                          0x08001435   Thumb Code   104  bsp_cs5463.o(i.CS546x_Get_Irms)
    CS546x_Get_Vrms                          0x080014a9   Thumb Code   102  bsp_cs5463.o(i.CS546x_Get_Vrms)
    CS546x_Init                              0x0800151d   Thumb Code   374  bsp_cs5463.o(i.CS546x_Init)
    CS546x_ResetStaReg                       0x0800169d   Thumb Code    20  bsp_cs5463.o(i.CS546x_ResetStaReg)
    CS546x_WriteReg                          0x080016b5   Thumb Code    54  bsp_cs5463.o(i.CS546x_WriteReg)
    CS546x_Write_Byte                        0x080016f1   Thumb Code    90  bsp_cs5463.o(i.CS546x_Write_Byte)
    ComToUart                                0x08001751   Thumb Code    44  bsp_uart_fifo.o(i.ComToUart)
    DHT11_Read_Bit                           0x08001829   Thumb Code    88  bsp_dht11.o(i.DHT11_Read_Bit)
    DHT11_Read_Byte                          0x08001885   Thumb Code    30  bsp_dht11.o(i.DHT11_Read_Byte)
    DHT11_Read_Data                          0x080018a5   Thumb Code    72  bsp_dht11.o(i.DHT11_Read_Data)
    DebugMon_Handler                         0x08001949   Thumb Code     2  stm32f10x_it.o(i.DebugMon_Handler)
    DisplaySendDat                           0x0800194d   Thumb Code    38  bus_app.o(i.DisplaySendDat)
    GPIO_Init                                0x08001979   Thumb Code   278  stm32f10x_gpio.o(i.GPIO_Init)
    GPIO_ReadInputDataBit                    0x08001a8f   Thumb Code    18  stm32f10x_gpio.o(i.GPIO_ReadInputDataBit)
    GPIO_ResetBits                           0x08001aa1   Thumb Code     4  stm32f10x_gpio.o(i.GPIO_ResetBits)
    GPIO_SetBits                             0x08001aa5   Thumb Code     4  stm32f10x_gpio.o(i.GPIO_SetBits)
    Get_InputValue                           0x08001aa9   Thumb Code   516  bsp_cs5463.o(i.Get_InputValue)
    HardFault_Handler                        0x08001da1   Thumb Code     4  stm32f10x_it.o(i.HardFault_Handler)
    Init_GPIO                                0x08001fa1   Thumb Code    36  main.o(i.Init_GPIO)
    KMAutoRUN                                0x08002029   Thumb Code   224  check_app.o(i.KMAutoRUN)
    KMOFF_Show                               0x08002189   Thumb Code    12  bsp_hc595.o(i.KMOFF_Show)
    KMON_Show                                0x08002199   Thumb Code    12  bsp_hc595.o(i.KMON_Show)
    KMOutUpdat                               0x080021a9   Thumb Code    46  bsp_hc595.o(i.KMOutUpdat)
    MemManage_Handler                        0x080021e1   Thumb Code     4  stm32f10x_it.o(i.MemManage_Handler)
    NMI_Handler                              0x080021e5   Thumb Code     2  stm32f10x_it.o(i.NMI_Handler)
    NVIC_Init                                0x080021e9   Thumb Code   100  misc.o(i.NVIC_Init)
    PendSV_Handler                           0x08002259   Thumb Code     2  stm32f10x_it.o(i.PendSV_Handler)
    RCC_ADCCLKConfig                         0x0800225d   Thumb Code    18  stm32f10x_rcc.o(i.RCC_ADCCLKConfig)
    RCC_APB1PeriphClockCmd                   0x08002275   Thumb Code    26  stm32f10x_rcc.o(i.RCC_APB1PeriphClockCmd)
    RCC_APB2PeriphClockCmd                   0x08002295   Thumb Code    26  stm32f10x_rcc.o(i.RCC_APB2PeriphClockCmd)
    RCC_APB2PeriphResetCmd                   0x080022b5   Thumb Code    26  stm32f10x_rcc.o(i.RCC_APB2PeriphResetCmd)
    RCC_Configuration                        0x080022d5   Thumb Code     2  main.o(i.RCC_Configuration)
    RCC_GetClocksFreq                        0x080022d9   Thumb Code   192  stm32f10x_rcc.o(i.RCC_GetClocksFreq)
    RS485Dat_LED10_OFF                       0x080023ad   Thumb Code    14  bus_app.o(i.RS485Dat_LED10_OFF)
    RS485Dat_LED10_ON                        0x080023c1   Thumb Code    14  bus_app.o(i.RS485Dat_LED10_ON)
    RS485Dat_LED12_OFF                       0x080023d5   Thumb Code    14  bus_app.o(i.RS485Dat_LED12_OFF)
    RS485Dat_LED12_ON                        0x080023e9   Thumb Code    14  bus_app.o(i.RS485Dat_LED12_ON)
    RS485Dat_LED13_OFF                       0x080023fd   Thumb Code    14  bus_app.o(i.RS485Dat_LED13_OFF)
    RS485Dat_LED13_ON                        0x08002411   Thumb Code    14  bus_app.o(i.RS485Dat_LED13_ON)
    RS485Dat_LED14_OFF                       0x08002425   Thumb Code    14  bus_app.o(i.RS485Dat_LED14_OFF)
    RS485Dat_LED14_ON                        0x08002439   Thumb Code    14  bus_app.o(i.RS485Dat_LED14_ON)
    RS485Dat_LED15_OFF                       0x0800244d   Thumb Code    14  bus_app.o(i.RS485Dat_LED15_OFF)
    RS485Dat_LED15_ON                        0x08002461   Thumb Code    14  bus_app.o(i.RS485Dat_LED15_ON)
    RS485Dat_LED16_OFF                       0x08002475   Thumb Code    14  bus_app.o(i.RS485Dat_LED16_OFF)
    RS485Dat_LED16_ON                        0x08002489   Thumb Code    14  bus_app.o(i.RS485Dat_LED16_ON)
    RS485Dat_LED17_OFF                       0x0800249d   Thumb Code    14  bus_app.o(i.RS485Dat_LED17_OFF)
    RS485Dat_LED17_ON                        0x080024b1   Thumb Code    14  bus_app.o(i.RS485Dat_LED17_ON)
    RS485Dat_LED18_OFF                       0x080024c5   Thumb Code    14  bus_app.o(i.RS485Dat_LED18_OFF)
    RS485Dat_LED18_ON                        0x080024d9   Thumb Code    14  bus_app.o(i.RS485Dat_LED18_ON)
    RS485Dat_LED19_OFF                       0x080024ed   Thumb Code    14  bus_app.o(i.RS485Dat_LED19_OFF)
    RS485Dat_LED19_ON                        0x08002501   Thumb Code    14  bus_app.o(i.RS485Dat_LED19_ON)
    RS485Dat_LED1_ON                         0x08002515   Thumb Code    14  bus_app.o(i.RS485Dat_LED1_ON)
    RS485Dat_LED20_OFF                       0x08002529   Thumb Code    14  bus_app.o(i.RS485Dat_LED20_OFF)
    RS485Dat_LED20_ON                        0x0800253d   Thumb Code    14  bus_app.o(i.RS485Dat_LED20_ON)
    RS485Dat_LED2_OFF                        0x08002551   Thumb Code    14  bus_app.o(i.RS485Dat_LED2_OFF)
    RS485Dat_LED2_ON                         0x08002565   Thumb Code    14  bus_app.o(i.RS485Dat_LED2_ON)
    RS485Dat_LED4_OFF                        0x08002579   Thumb Code    14  bus_app.o(i.RS485Dat_LED4_OFF)
    RS485Dat_LED4_ON                         0x0800258d   Thumb Code    14  bus_app.o(i.RS485Dat_LED4_ON)
    RS485Dat_LED7_OFF                        0x080025a1   Thumb Code    14  bus_app.o(i.RS485Dat_LED7_OFF)
    RS485Dat_LED7_ON                         0x080025b5   Thumb Code    14  bus_app.o(i.RS485Dat_LED7_ON)
    RS485Dat_LED8_OFF                        0x080025c9   Thumb Code    14  bus_app.o(i.RS485Dat_LED8_OFF)
    RS485Dat_LED8_ON                         0x080025dd   Thumb Code    14  bus_app.o(i.RS485Dat_LED8_ON)
    RS485Dat_LED9_OFF                        0x080025f1   Thumb Code    14  bus_app.o(i.RS485Dat_LED9_OFF)
    RS485Dat_LED9_ON                         0x08002605   Thumb Code    14  bus_app.o(i.RS485Dat_LED9_ON)
    RS485_InitTXE                            0x08002619   Thumb Code    46  bsp_uart_fifo.o(i.RS485_InitTXE)
    RS485_ReceiveDat                         0x0800264d   Thumb Code   168  bsp_uart_fifo.o(i.RS485_ReceiveDat)
    RS485_ReciveNew                          0x080026fd   Thumb Code     2  bsp_uart_fifo.o(i.RS485_ReciveNew)
    RS485_SendBefor                          0x08002701   Thumb Code     8  bsp_uart_fifo.o(i.RS485_SendBefor)
    RS485_SendBuf                            0x0800270d   Thumb Code    30  bsp_uart_fifo.o(i.RS485_SendBuf)
    RS485_SendDat                            0x08002731   Thumb Code    60  bsp_uart_fifo.o(i.RS485_SendDat)
    RS485_SendOver                           0x08002779   Thumb Code     8  bsp_uart_fifo.o(i.RS485_SendOver)
    ReadInputDat                             0x08002785   Thumb Code   598  check_app.o(i.ReadInputDat)
    Read_InputDevDat                         0x080029e5   Thumb Code   302  bsp_cd4067.o(i.Read_InputDevDat)
    Read_Input_KPDevDat                      0x08002b21   Thumb Code   316  bsp_cd4051.o(i.Read_Input_KPDevDat)
    Read_Optocoupler                         0x08002c69   Thumb Code    26  bsp_cd4067.o(i.Read_Optocoupler)
    SVC_Handler                              0x08002c89   Thumb Code     2  stm32f10x_it.o(i.SVC_Handler)
    SetInput_CSCD4051Switch                  0x08002f1d   Thumb Code    76  bsp_cd4051.o(i.SetInput_CSCD4051Switch)
    SetInput_IICD4051Switch                  0x08002f6d   Thumb Code    82  bsp_cd4051.o(i.SetInput_IICD4051Switch)
    SysTick_CLKSourceConfig                  0x080031d1   Thumb Code    40  misc.o(i.SysTick_CLKSourceConfig)
    SysTick_Handler                          0x080031f9   Thumb Code     8  stm32f10x_it.o(i.SysTick_Handler)
    SysTick_ISR                              0x08003201   Thumb Code    74  bsp_timer.o(i.SysTick_ISR)
    SystemInit                               0x08003259   Thumb Code    78  system_stm32f10x.o(i.SystemInit)
    TIM2_IRQHandler                          0x080032b9   Thumb Code   224  stm32f10x_it.o(i.TIM2_IRQHandler)
    TIM3_IRQHandler                          0x080033a9   Thumb Code   176  main.o(i.TIM3_IRQHandler)
    TIM3_Int_Init                            0x08003471   Thumb Code    90  bsp_timertim3.o(i.TIM3_Int_Init)
    TIM_ClearITPendingBit                    0x080034d1   Thumb Code     6  stm32f10x_tim.o(i.TIM_ClearITPendingBit)
    TIM_Cmd                                  0x080034d7   Thumb Code    24  stm32f10x_tim.o(i.TIM_Cmd)
    TIM_GetCapture1                          0x080034ef   Thumb Code     6  stm32f10x_tim.o(i.TIM_GetCapture1)
    TIM_GetITStatus                          0x080034f5   Thumb Code    34  stm32f10x_tim.o(i.TIM_GetITStatus)
    TIM_ITConfig                             0x08003517   Thumb Code    18  stm32f10x_tim.o(i.TIM_ITConfig)
    TIM_OC1PolarityConfig                    0x08003529   Thumb Code    18  stm32f10x_tim.o(i.TIM_OC1PolarityConfig)
    TIM_SetCounter                           0x0800353b   Thumb Code     4  stm32f10x_tim.o(i.TIM_SetCounter)
    TIM_TimeBaseInit                         0x08003541   Thumb Code   122  stm32f10x_tim.o(i.TIM_TimeBaseInit)
    USART1_IRQHandler                        0x080035e5   Thumb Code    10  bsp_uart_fifo.o(i.USART1_IRQHandler)
    USART3_IRQHandler                        0x080035f5   Thumb Code    10  bsp_uart_fifo.o(i.USART3_IRQHandler)
    USART_ClearFlag                          0x08003605   Thumb Code    18  stm32f10x_usart.o(i.USART_ClearFlag)
    USART_Cmd                                0x08003617   Thumb Code    24  stm32f10x_usart.o(i.USART_Cmd)
    USART_GetITStatus                        0x0800362f   Thumb Code    84  stm32f10x_usart.o(i.USART_GetITStatus)
    USART_ITConfig                           0x08003683   Thumb Code    74  stm32f10x_usart.o(i.USART_ITConfig)
    USART_Init                               0x080036cd   Thumb Code   210  stm32f10x_usart.o(i.USART_Init)
    USART_ReceiveData                        0x080037a5   Thumb Code    10  stm32f10x_usart.o(i.USART_ReceiveData)
    USART_SendData                           0x080037af   Thumb Code     8  stm32f10x_usart.o(i.USART_SendData)
    USB_LP_CAN1_RX0_IRQHandler               0x080037b9   Thumb Code    54  bsp_can.o(i.USB_LP_CAN1_RX0_IRQHandler)
    UsageFault_Handler                       0x08003a29   Thumb Code     4  stm32f10x_it.o(i.UsageFault_Handler)
    __0printf$8                              0x08003a2d   Thumb Code    22  printf8.o(i.__0printf$8)
    __1printf$8                              0x08003a2d   Thumb Code     0  printf8.o(i.__0printf$8)
    __2printf                                0x08003a2d   Thumb Code     0  printf8.o(i.__0printf$8)
    __scatterload_copy                       0x08003a4d   Thumb Code    14  handlers.o(i.__scatterload_copy)
    __scatterload_null                       0x08003a5b   Thumb Code     2  handlers.o(i.__scatterload_null)
    __scatterload_zeroinit                   0x08003a5d   Thumb Code    14  handlers.o(i.__scatterload_zeroinit)
    bsp_CheckTimer                           0x08003edd   Thumb Code    40  bsp_timer.o(i.bsp_CheckTimer)
    bsp_GetKey                               0x08003fd5   Thumb Code    46  bsp_fifo_key.o(i.bsp_GetKey)
    bsp_HC595_Config                         0x08004009   Thumb Code    92  bsp_hc595.o(i.bsp_HC595_Config)
    bsp_InitCQVar                            0x0800406d   Thumb Code    32  bsp_fifo.o(i.bsp_InitCQVar)
    bsp_InitKey                              0x08004095   Thumb Code    12  bsp_fifo_key.o(i.bsp_InitKey)
    bsp_InitTimer                            0x0800416d   Thumb Code    28  bsp_timer.o(i.bsp_InitTimer)
    bsp_InitUart                             0x0800418d   Thumb Code    20  bsp_uart_fifo.o(i.bsp_InitUart)
    bsp_KeyScan                              0x080041a1   Thumb Code    22  bsp_fifo_key.o(i.bsp_KeyScan)
    bsp_PutKey                               0x080041b9   Thumb Code    28  bsp_fifo_key.o(i.bsp_PutKey)
    bsp_StartTimer                           0x080041f1   Thumb Code    42  bsp_timer.o(i.bsp_StartTimer)
    comGetChar                               0x08004221   Thumb Code    30  bsp_uart_fifo.o(i.comGetChar)
    comSendBuf                               0x0800423f   Thumb Code    46  bsp_uart_fifo.o(i.comSendBuf)
    delay_init                               0x0800426d   Thumb Code    50  delay.o(i.delay_init)
    delay_ms                                 0x080042b1   Thumb Code    72  delay.o(i.delay_ms)
    delay_us                                 0x080042fd   Thumb Code    72  delay.o(i.delay_us)
    fputc                                    0x08004349   Thumb Code    24  bsp_uart_fifo.o(i.fputc)
    main                                     0x08004365   Thumb Code   904  main.o(i.main)
    table                                    0x080047b4   Data          16  bsp_tm1639.o(.constdata)
    Table_S                                  0x080047c4   Data          28  bsp_tm1639.o(.constdata)
    Region$$Table$$Base                      0x08004828   Number         0  anon$$obj.o(Region$$Table)
    Region$$Table$$Limit                     0x08004848   Number         0  anon$$obj.o(Region$$Table)
    g_RxMessage                              0x20000000   Data           8  main.o(.data)
    g_RxMessFlag                             0x20000008   Data           1  main.o(.data)
    OutFlag                                  0x20000009   Data           1  main.o(.data)
    InPutCount                               0x2000000a   Data           1  main.o(.data)
    g_ShowUpDateFlag                         0x2000000b   Data           1  main.o(.data)
    g_RunningTime                            0x2000000c   Data           4  main.o(.data)
    StartTimerFlag                           0x20000010   Data           1  main.o(.data)
    Time_count                               0x20000012   Data           2  main.o(.data)
    KMTime_count                             0x20000014   Data           2  main.o(.data)
    KMTime_Sec                               0x20000016   Data           1  main.o(.data)
    TIM2CH1_CAPTURE_STA                      0x20000018   Data           1  stm32f10x_it.o(.data)
    TIM2CH1_CAPTURE_VAL                      0x2000001a   Data           2  stm32f10x_it.o(.data)
    RS485Dat_LED                             0x20000020   Data           3  bus_app.o(.data)
    g_iRunTime                               0x20000124   Data           4  bsp_timer.o(.data)
    OldShowMode                              0x2000012c   Data           1  bsp_tm1639.o(.data)
    OldShowDate                              0x20000130   Data           4  bsp_tm1639.o(.data)
    PBus_Count                               0x20000134   Data           1  bsp_uart_fifo.o(.data)
    RS485_Count                              0x20000135   Data           1  bsp_uart_fifo.o(.data)
    g_Serial_Count                           0x20000136   Data           1  bsp_uart_fifo.o(.data)
    __stdout                                 0x20000138   Data           4  bsp_uart_fifo.o(.data)
    Physical_ADD                             0x2000013c   Data           4  bsp_stmflash.o(.data)
    FM1702_Key                               0x20000140   Data           7  bsp_stmflash.o(.data)
    WaterCost                                0x20000147   Data           1  bsp_stmflash.o(.data)
    CostNum                                  0x20000148   Data           1  bsp_stmflash.o(.data)
    g_IAP_Flag                               0x20000149   Data           1  bsp_stmflash.o(.data)
    Count                                    0x20000156   Data           4  bsp_cd4067.o(.data)
    OldState                                 0x2000015a   Data           4  bsp_cd4067.o(.data)
    sta                                      0x20000174   Data           1  bsp_cs5463.o(.data)
    SystemCoreClock                          0x20000198   Data           4  system_stm32f10x.o(.data)
    AHBPrescTable                            0x2000019c   Data          16  system_stm32f10x.o(.data)
    g_ShowDat                                0x200001ac   Data          12  main.o(.bss)
    gAp                                      0x200001b8   Data          16  check_app.o(.bss)
    gBp                                      0x200001c8   Data          16  check_app.o(.bss)
    g_Tmr                                    0x200001d8   Data          32  bsp_timer.o(.bss)
    PBusDat                                  0x200001f8   Data          16  bsp_uart_fifo.o(.bss)
    RS485Dat                                 0x20000208   Data          10  bsp_uart_fifo.o(.bss)
    g_SerialDat                              0x20000212   Data          32  bsp_uart_fifo.o(.bss)
    s_gCQ                                    0x20001284   Data         163  bsp_fifo.o(.bss)
    __initial_sp                             0x20003410   Data           0  startup_stm32f10x_hd.o(STACK)



==============================================================================

Memory Map of the image

  Image Entry point : 0x08000131

  Load Region LR_IROM1 (Base: 0x08000000, Size: 0x000049f4, Max: 0x00020000, ABSOLUTE, COMPRESSED[0x0000497c])

    Execution Region ER_IROM1 (Base: 0x08000000, Size: 0x00004848, Max: 0x00020000, ABSOLUTE)

    Base Addr    Size         Type   Attr      Idx    E Section Name        Object

    0x08000000   0x00000130   Data   RO         1653    RESET               startup_stm32f10x_hd.o
    0x08000130   0x00000000   Code   RO         3404  * .ARM.Collect$$$$00000000  mc_w.l(entry.o)
    0x08000130   0x00000004   Code   RO         3684    .ARM.Collect$$$$00000001  mc_w.l(entry2.o)
    0x08000134   0x00000004   Code   RO         3687    .ARM.Collect$$$$00000004  mc_w.l(entry5.o)
    0x08000138   0x00000000   Code   RO         3689    .ARM.Collect$$$$00000008  mc_w.l(entry7b.o)
    0x08000138   0x00000000   Code   RO         3691    .ARM.Collect$$$$0000000A  mc_w.l(entry8b.o)
    0x08000138   0x00000008   Code   RO         3692    .ARM.Collect$$$$0000000B  mc_w.l(entry9a.o)
    0x08000140   0x00000000   Code   RO         3694    .ARM.Collect$$$$0000000D  mc_w.l(entry10a.o)
    0x08000140   0x00000000   Code   RO         3696    .ARM.Collect$$$$0000000F  mc_w.l(entry11a.o)
    0x08000140   0x00000004   Code   RO         3685    .ARM.Collect$$$$00002712  mc_w.l(entry2.o)
    0x08000144   0x00000024   Code   RO         1654    .text               startup_stm32f10x_hd.o
    0x08000168   0x00000064   Code   RO         3674    .text               mf_w.l(fmul.o)
    0x080001cc   0x000000de   Code   RO         3676    .text               mf_w.l(ddiv.o)
    0x080002aa   0x0000001a   Code   RO         3678    .text               mf_w.l(dfltui.o)
    0x080002c4   0x00000028   Code   RO         3680    .text               mf_w.l(ffixui.o)
    0x080002ec   0x00000038   Code   RO         3682    .text               mf_w.l(d2f.o)
    0x08000324   0x00000062   Code   RO         3700    .text               mc_w.l(uldiv.o)
    0x08000386   0x00000000   Code   RO         3702    .text               mc_w.l(iusefp.o)
    0x08000386   0x0000006e   Code   RO         3703    .text               mf_w.l(fepilogue.o)
    0x080003f4   0x000000ba   Code   RO         3705    .text               mf_w.l(depilogue.o)
    0x080004ae   0x00000002   PAD
    0x080004b0   0x00000024   Code   RO         3715    .text               mc_w.l(init.o)
    0x080004d4   0x0000001e   Code   RO         3717    .text               mc_w.l(llshl.o)
    0x080004f2   0x00000020   Code   RO         3719    .text               mc_w.l(llushr.o)
    0x08000512   0x00000056   Code   RO         3731    .text               mc_w.l(__dczerorl2.o)
    0x08000568   0x00000016   Code   RO         2195    i.ADC_Cmd           stm32f10x_adc.o
    0x0800057e   0x00000002   PAD
    0x08000580   0x0000005c   Code   RO         2197    i.ADC_DeInit        stm32f10x_adc.o
    0x080005dc   0x00000014   Code   RO         2203    i.ADC_GetCalibrationStatus  stm32f10x_adc.o
    0x080005f0   0x00000014   Code   RO         2209    i.ADC_GetResetCalibrationStatus  stm32f10x_adc.o
    0x08000604   0x00000050   Code   RO         2213    i.ADC_Init          stm32f10x_adc.o
    0x08000654   0x0000000a   Code   RO         2218    i.ADC_ResetCalibration  stm32f10x_adc.o
    0x0800065e   0x0000000a   Code   RO         2222    i.ADC_StartCalibration  stm32f10x_adc.o
    0x08000668   0x0000008c   Code   RO          676    i.Adc_Init          bsp_adc.o
    0x080006f4   0x000000f4   Code   RO          823    i.BspDht11_Config   bsp_dht11.o
    0x080007e8   0x00000074   Code   RO         1486    i.BspInput_CD4051_Config  bsp_cd4051.o
    0x0800085c   0x0000000c   Code   RO         1487    i.BspInput_CD4051_Delay_ms  bsp_cd4051.o
    0x08000868   0x0000000c   Code   RO         1488    i.BspInput_CD4051_Delay_us  bsp_cd4051.o
    0x08000874   0x00000040   Code   RO         1436    i.BspInput_CD4067_Config  bsp_cd4067.o
    0x080008b4   0x0000000c   Code   RO         1437    i.BspInput_CD4067_Delay_ms  bsp_cd4067.o
    0x080008c0   0x0000000c   Code   RO         1438    i.BspInput_CD4067_Delay_us  bsp_cd4067.o
    0x080008cc   0x00000094   Code   RO         1394    i.BspLed_Show       bsp_hc595.o
    0x08000960   0x0000005c   Code   RO          878    i.BspTM1639_ClearALL  bsp_tm1639.o
    0x080009bc   0x00000030   Code   RO          879    i.BspTm1639_Config  bsp_tm1639.o
    0x080009ec   0x0000002e   Code   RO          880    i.BspTm1639_Delay   bsp_tm1639.o
    0x08000a1a   0x00000002   PAD
    0x08000a1c   0x000001d4   Code   RO          881    i.BspTm1639_Show    bsp_tm1639.o
    0x08000bf0   0x00000054   Code   RO          883    i.BspTm1639_Writebyte  bsp_tm1639.o
    0x08000c44   0x0000005c   Code   RO         1546    i.Bsp_CS5463_Config  bsp_cs5463.o
    0x08000ca0   0x00000004   Code   RO          237    i.BusFault_Handler  stm32f10x_it.o
    0x08000ca4   0x00000108   Code   RO         3037    i.CAN_FilterInit    stm32f10x_can.o
    0x08000dac   0x00000012   Code   RO         3043    i.CAN_ITConfig      stm32f10x_can.o
    0x08000dbe   0x00000114   Code   RO         3044    i.CAN_Init          stm32f10x_can.o
    0x08000ed2   0x00000002   PAD
    0x08000ed4   0x00000198   Code   RO          706    i.CAN_Mode_Init     bsp_can.o
    0x0800106c   0x000000f0   Code   RO         3047    i.CAN_Receive       stm32f10x_can.o
    0x0800115c   0x00000038   Code   RO            1    i.CPU_IDLE          main.o
    0x08001194   0x00000020   Code   RO          749    i.CRC8_Table        bsp_crc8.o
    0x080011b4   0x00000078   Code   RO         1547    i.CS5463CMD         bsp_cs5463.o
    0x0800122c   0x000000f0   Code   RO         1548    i.CS5463ReadReg     bsp_cs5463.o
    0x0800131c   0x000000dc   Code   RO         1549    i.CS5463WriteReg    bsp_cs5463.o
    0x080013f8   0x0000003c   Code   RO         1550    i.CS5463_GetStaReg_Val  bsp_cs5463.o
    0x08001434   0x00000074   Code   RO         1553    i.CS546x_Get_Irms   bsp_cs5463.o
    0x080014a8   0x00000074   Code   RO         1554    i.CS546x_Get_Vrms   bsp_cs5463.o
    0x0800151c   0x00000180   Code   RO         1555    i.CS546x_Init       bsp_cs5463.o
    0x0800169c   0x00000018   Code   RO         1558    i.CS546x_ResetStaReg  bsp_cs5463.o
    0x080016b4   0x0000003c   Code   RO         1559    i.CS546x_WriteReg   bsp_cs5463.o
    0x080016f0   0x00000060   Code   RO         1560    i.CS546x_Write_Byte  bsp_cs5463.o
    0x08001750   0x00000034   Code   RO          940    i.ComToUart         bsp_uart_fifo.o
    0x08001784   0x00000034   Code   RO          941    i.ConfigUartNVIC    bsp_uart_fifo.o
    0x080017b8   0x00000070   Code   RO          824    i.DHT11_Check       bsp_dht11.o
    0x08001828   0x0000005c   Code   RO          825    i.DHT11_Read_Bit    bsp_dht11.o
    0x08001884   0x0000001e   Code   RO          826    i.DHT11_Read_Byte   bsp_dht11.o
    0x080018a2   0x00000002   PAD
    0x080018a4   0x00000064   Code   RO          827    i.DHT11_Read_Data   bsp_dht11.o
    0x08001908   0x00000040   Code   RO          828    i.DHT11_Rst         bsp_dht11.o
    0x08001948   0x00000002   Code   RO          238    i.DebugMon_Handler  stm32f10x_it.o
    0x0800194a   0x00000002   PAD
    0x0800194c   0x0000002c   Code   RO          340    i.DisplaySendDat    bus_app.o
    0x08001978   0x00000116   Code   RO         2081    i.GPIO_Init         stm32f10x_gpio.o
    0x08001a8e   0x00000012   Code   RO         2085    i.GPIO_ReadInputDataBit  stm32f10x_gpio.o
    0x08001aa0   0x00000004   Code   RO         2088    i.GPIO_ResetBits    stm32f10x_gpio.o
    0x08001aa4   0x00000004   Code   RO         2089    i.GPIO_SetBits      stm32f10x_gpio.o
    0x08001aa8   0x000002dc   Code   RO         1561    i.Get_InputValue    bsp_cs5463.o
    0x08001d84   0x0000001c   Code   RO         1395    i.HC595_Delay       bsp_hc595.o
    0x08001da0   0x00000004   Code   RO          239    i.HardFault_Handler  stm32f10x_it.o
    0x08001da4   0x000000d4   Code   RO            3    i.InitBoard         main.o
    0x08001e78   0x00000128   Code   RO          942    i.InitHardUart      bsp_uart_fifo.o
    0x08001fa0   0x00000028   Code   RO            4    i.Init_GPIO         main.o
    0x08001fc8   0x00000018   Code   RO         1302    i.IsKeyDown1        bsp_fifo_key.o
    0x08001fe0   0x00000018   Code   RO         1303    i.IsKeyDown2        bsp_fifo_key.o
    0x08001ff8   0x00000018   Code   RO         1304    i.IsKeyDown3        bsp_fifo_key.o
    0x08002010   0x00000018   Code   RO         1305    i.IsKeyDown4        bsp_fifo_key.o
    0x08002028   0x00000160   Code   RO          646    i.KMAutoRUN         check_app.o
    0x08002188   0x00000010   Code   RO         1396    i.KMOFF_Show        bsp_hc595.o
    0x08002198   0x00000010   Code   RO         1397    i.KMON_Show         bsp_hc595.o
    0x080021a8   0x00000038   Code   RO         1398    i.KMOutUpdat        bsp_hc595.o
    0x080021e0   0x00000004   Code   RO          240    i.MemManage_Handler  stm32f10x_it.o
    0x080021e4   0x00000002   Code   RO          241    i.NMI_Handler       stm32f10x_it.o
    0x080021e6   0x00000002   PAD
    0x080021e8   0x00000070   Code   RO         1859    i.NVIC_Init         misc.o
    0x08002258   0x00000002   Code   RO          242    i.PendSV_Handler    stm32f10x_it.o
    0x0800225a   0x00000002   PAD
    0x0800225c   0x00000018   Code   RO         1659    i.RCC_ADCCLKConfig  stm32f10x_rcc.o
    0x08002274   0x00000020   Code   RO         1661    i.RCC_APB1PeriphClockCmd  stm32f10x_rcc.o
    0x08002294   0x00000020   Code   RO         1663    i.RCC_APB2PeriphClockCmd  stm32f10x_rcc.o
    0x080022b4   0x00000020   Code   RO         1664    i.RCC_APB2PeriphResetCmd  stm32f10x_rcc.o
    0x080022d4   0x00000002   Code   RO            8    i.RCC_Configuration  main.o
    0x080022d6   0x00000002   PAD
    0x080022d8   0x000000d4   Code   RO         1671    i.RCC_GetClocksFreq  stm32f10x_rcc.o
    0x080023ac   0x00000014   Code   RO          341    i.RS485Dat_LED10_OFF  bus_app.o
    0x080023c0   0x00000014   Code   RO          342    i.RS485Dat_LED10_ON  bus_app.o
    0x080023d4   0x00000014   Code   RO          345    i.RS485Dat_LED12_OFF  bus_app.o
    0x080023e8   0x00000014   Code   RO          346    i.RS485Dat_LED12_ON  bus_app.o
    0x080023fc   0x00000014   Code   RO          347    i.RS485Dat_LED13_OFF  bus_app.o
    0x08002410   0x00000014   Code   RO          348    i.RS485Dat_LED13_ON  bus_app.o
    0x08002424   0x00000014   Code   RO          349    i.RS485Dat_LED14_OFF  bus_app.o
    0x08002438   0x00000014   Code   RO          350    i.RS485Dat_LED14_ON  bus_app.o
    0x0800244c   0x00000014   Code   RO          351    i.RS485Dat_LED15_OFF  bus_app.o
    0x08002460   0x00000014   Code   RO          352    i.RS485Dat_LED15_ON  bus_app.o
    0x08002474   0x00000014   Code   RO          353    i.RS485Dat_LED16_OFF  bus_app.o
    0x08002488   0x00000014   Code   RO          354    i.RS485Dat_LED16_ON  bus_app.o
    0x0800249c   0x00000014   Code   RO          355    i.RS485Dat_LED17_OFF  bus_app.o
    0x080024b0   0x00000014   Code   RO          356    i.RS485Dat_LED17_ON  bus_app.o
    0x080024c4   0x00000014   Code   RO          357    i.RS485Dat_LED18_OFF  bus_app.o
    0x080024d8   0x00000014   Code   RO          358    i.RS485Dat_LED18_ON  bus_app.o
    0x080024ec   0x00000014   Code   RO          359    i.RS485Dat_LED19_OFF  bus_app.o
    0x08002500   0x00000014   Code   RO          360    i.RS485Dat_LED19_ON  bus_app.o
    0x08002514   0x00000014   Code   RO          362    i.RS485Dat_LED1_ON  bus_app.o
    0x08002528   0x00000014   Code   RO          363    i.RS485Dat_LED20_OFF  bus_app.o
    0x0800253c   0x00000014   Code   RO          364    i.RS485Dat_LED20_ON  bus_app.o
    0x08002550   0x00000014   Code   RO          365    i.RS485Dat_LED2_OFF  bus_app.o
    0x08002564   0x00000014   Code   RO          366    i.RS485Dat_LED2_ON  bus_app.o
    0x08002578   0x00000014   Code   RO          369    i.RS485Dat_LED4_OFF  bus_app.o
    0x0800258c   0x00000014   Code   RO          370    i.RS485Dat_LED4_ON  bus_app.o
    0x080025a0   0x00000014   Code   RO          375    i.RS485Dat_LED7_OFF  bus_app.o
    0x080025b4   0x00000014   Code   RO          376    i.RS485Dat_LED7_ON  bus_app.o
    0x080025c8   0x00000014   Code   RO          377    i.RS485Dat_LED8_OFF  bus_app.o
    0x080025dc   0x00000014   Code   RO          378    i.RS485Dat_LED8_ON  bus_app.o
    0x080025f0   0x00000014   Code   RO          379    i.RS485Dat_LED9_OFF  bus_app.o
    0x08002604   0x00000014   Code   RO          380    i.RS485Dat_LED9_ON  bus_app.o
    0x08002618   0x00000034   Code   RO          951    i.RS485_InitTXE     bsp_uart_fifo.o
    0x0800264c   0x000000b0   Code   RO          952    i.RS485_ReceiveDat  bsp_uart_fifo.o
    0x080026fc   0x00000002   Code   RO          953    i.RS485_ReciveNew   bsp_uart_fifo.o
    0x080026fe   0x00000002   PAD
    0x08002700   0x0000000c   Code   RO          954    i.RS485_SendBefor   bsp_uart_fifo.o
    0x0800270c   0x00000024   Code   RO          955    i.RS485_SendBuf     bsp_uart_fifo.o
    0x08002730   0x00000048   Code   RO          956    i.RS485_SendDat     bsp_uart_fifo.o
    0x08002778   0x0000000c   Code   RO          957    i.RS485_SendOver    bsp_uart_fifo.o
    0x08002784   0x00000260   Code   RO          647    i.ReadInputDat      check_app.o
    0x080029e4   0x0000013c   Code   RO         1440    i.Read_InputDevDat  bsp_cd4067.o
    0x08002b20   0x00000148   Code   RO         1491    i.Read_Input_KPDevDat  bsp_cd4051.o
    0x08002c68   0x00000020   Code   RO         1441    i.Read_Optocoupler  bsp_cd4067.o
    0x08002c88   0x00000002   Code   RO          243    i.SVC_Handler       stm32f10x_it.o
    0x08002c8a   0x00000002   PAD
    0x08002c8c   0x00000290   Code   RO         1442    i.SetInput_CD4067Switch  bsp_cd4067.o
    0x08002f1c   0x00000050   Code   RO         1492    i.SetInput_CSCD4051Switch  bsp_cd4051.o
    0x08002f6c   0x0000005c   Code   RO         1493    i.SetInput_IICD4051Switch  bsp_cd4051.o
    0x08002fc8   0x00000120   Code   RO         1494    i.SetInput_KPCD4051Switch  bsp_cd4051.o
    0x080030e8   0x00000008   Code   RO         3370    i.SetSysClock       system_stm32f10x.o
    0x080030f0   0x000000e0   Code   RO         3371    i.SetSysClockTo72   system_stm32f10x.o
    0x080031d0   0x00000028   Code   RO         1863    i.SysTick_CLKSourceConfig  misc.o
    0x080031f8   0x00000008   Code   RO          244    i.SysTick_Handler   stm32f10x_it.o
    0x08003200   0x00000058   Code   RO          763    i.SysTick_ISR       bsp_timer.o
    0x08003258   0x00000060   Code   RO         3373    i.SystemInit        system_stm32f10x.o
    0x080032b8   0x000000f0   Code   RO          245    i.TIM2_IRQHandler   stm32f10x_it.o
    0x080033a8   0x000000c8   Code   RO           10    i.TIM3_IRQHandler   main.o
    0x08003470   0x00000060   Code   RO          863    i.TIM3_Int_Init     bsp_timertim3.o
    0x080034d0   0x00000006   Code   RO         2494    i.TIM_ClearITPendingBit  stm32f10x_tim.o
    0x080034d6   0x00000018   Code   RO         2499    i.TIM_Cmd           stm32f10x_tim.o
    0x080034ee   0x00000006   Code   RO         2514    i.TIM_GetCapture1   stm32f10x_tim.o
    0x080034f4   0x00000022   Code   RO         2520    i.TIM_GetITStatus   stm32f10x_tim.o
    0x08003516   0x00000012   Code   RO         2524    i.TIM_ITConfig      stm32f10x_tim.o
    0x08003528   0x00000012   Code   RO         2530    i.TIM_OC1PolarityConfig  stm32f10x_tim.o
    0x0800353a   0x00000004   Code   RO         2564    i.TIM_SetCounter    stm32f10x_tim.o
    0x0800353e   0x00000002   PAD
    0x08003540   0x000000a4   Code   RO         2570    i.TIM_TimeBaseInit  stm32f10x_tim.o
    0x080035e4   0x00000010   Code   RO          961    i.USART1_IRQHandler  bsp_uart_fifo.o
    0x080035f4   0x00000010   Code   RO          962    i.USART3_IRQHandler  bsp_uart_fifo.o
    0x08003604   0x00000012   Code   RO         1895    i.USART_ClearFlag   stm32f10x_usart.o
    0x08003616   0x00000018   Code   RO         1899    i.USART_Cmd         stm32f10x_usart.o
    0x0800362e   0x00000054   Code   RO         1903    i.USART_GetITStatus  stm32f10x_usart.o
    0x08003682   0x0000004a   Code   RO         1905    i.USART_ITConfig    stm32f10x_usart.o
    0x080036cc   0x000000d8   Code   RO         1906    i.USART_Init        stm32f10x_usart.o
    0x080037a4   0x0000000a   Code   RO         1913    i.USART_ReceiveData  stm32f10x_usart.o
    0x080037ae   0x00000008   Code   RO         1916    i.USART_SendData    stm32f10x_usart.o
    0x080037b6   0x00000002   PAD
    0x080037b8   0x00000044   Code   RO          711    i.USB_LP_CAN1_RX0_IRQHandler  bsp_can.o
    0x080037fc   0x0000004a   Code   RO          963    i.UartGetChar       bsp_uart_fifo.o
    0x08003846   0x000000e6   Code   RO          964    i.UartIRQ           bsp_uart_fifo.o
    0x0800392c   0x00000072   Code   RO          965    i.UartSend          bsp_uart_fifo.o
    0x0800399e   0x00000002   PAD
    0x080039a0   0x00000088   Code   RO          966    i.UartVarInit       bsp_uart_fifo.o
    0x08003a28   0x00000004   Code   RO          246    i.UsageFault_Handler  stm32f10x_it.o
    0x08003a2c   0x00000020   Code   RO         3620    i.__0printf$8       mc_w.l(printf8.o)
    0x08003a4c   0x0000000e   Code   RO         3725    i.__scatterload_copy  mc_w.l(handlers.o)
    0x08003a5a   0x00000002   Code   RO         3726    i.__scatterload_null  mc_w.l(handlers.o)
    0x08003a5c   0x0000000e   Code   RO         3727    i.__scatterload_zeroinit  mc_w.l(handlers.o)
    0x08003a6a   0x00000006   Code   RO          764    i.__set_PRIMASK     bsp_timer.o
    0x08003a70   0x00000006   Code   RO          967    i.__set_PRIMASK     bsp_uart_fifo.o
    0x08003a76   0x00000002   PAD
    0x08003a78   0x00000410   Code   RO         3627    i._printf_core      mc_w.l(printf8.o)
    0x08003e88   0x00000024   Code   RO         3628    i._printf_post_padding  mc_w.l(printf8.o)
    0x08003eac   0x0000002e   Code   RO         3629    i._printf_pre_padding  mc_w.l(printf8.o)
    0x08003eda   0x00000002   PAD
    0x08003edc   0x0000002c   Code   RO          765    i.bsp_CheckTimer    bsp_timer.o
    0x08003f08   0x000000cc   Code   RO         1307    i.bsp_DetectKey     bsp_fifo_key.o
    0x08003fd4   0x00000034   Code   RO         1308    i.bsp_GetKey        bsp_fifo_key.o
    0x08004008   0x00000064   Code   RO         1399    i.bsp_HC595_Config  bsp_hc595.o
    0x0800406c   0x00000028   Code   RO         1271    i.bsp_InitCQVar     bsp_fifo.o
    0x08004094   0x0000000c   Code   RO         1311    i.bsp_InitKey       bsp_fifo_key.o
    0x080040a0   0x0000005c   Code   RO         1312    i.bsp_InitKeyHard   bsp_fifo_key.o
    0x080040fc   0x00000070   Code   RO         1313    i.bsp_InitKeyVar    bsp_fifo_key.o
    0x0800416c   0x00000020   Code   RO          768    i.bsp_InitTimer     bsp_timer.o
    0x0800418c   0x00000014   Code   RO          970    i.bsp_InitUart      bsp_uart_fifo.o
    0x080041a0   0x00000016   Code   RO         1314    i.bsp_KeyScan       bsp_fifo_key.o
    0x080041b6   0x00000002   PAD
    0x080041b8   0x00000020   Code   RO         1315    i.bsp_PutKey        bsp_fifo_key.o
    0x080041d8   0x00000016   Code   RO          769    i.bsp_SoftTimerDec  bsp_timer.o
    0x080041ee   0x00000002   PAD
    0x080041f0   0x00000030   Code   RO          770    i.bsp_StartTimer    bsp_timer.o
    0x08004220   0x0000001e   Code   RO          976    i.comGetChar        bsp_uart_fifo.o
    0x0800423e   0x0000002e   Code   RO          977    i.comSendBuf        bsp_uart_fifo.o
    0x0800426c   0x00000044   Code   RO          314    i.delay_init        delay.o
    0x080042b0   0x0000004c   Code   RO          315    i.delay_ms          delay.o
    0x080042fc   0x0000004c   Code   RO          316    i.delay_us          delay.o
    0x08004348   0x0000001c   Code   RO          979    i.fputc             bsp_uart_fifo.o
    0x08004364   0x00000450   Code   RO           11    i.main              main.o
    0x080047b4   0x0000002c   Data   RO          884    .constdata          bsp_tm1639.o
    0x080047e0   0x00000046   Data   RO           13    .conststring        main.o
    0x08004826   0x00000002   PAD
    0x08004828   0x00000020   Data   RO         3723    Region$$Table       anon$$obj.o


    Execution Region RW_IRAM1 (Base: 0x20000000, Size: 0x00003410, Max: 0x00005000, ABSOLUTE, COMPRESSED[0x00000134])

    Base Addr    Size         Type   Attr      Idx    E Section Name        Object

    0x20000000   0x00000018   Data   RW           14    .data               main.o
    0x20000018   0x00000004   Data   RW          247    .data               stm32f10x_it.o
    0x2000001c   0x00000004   Data   RW          317    .data               delay.o
    0x20000020   0x00000003   Data   RW          381    .data               bus_app.o
    0x20000023   0x00000100   Data   RW          750    .data               bsp_crc8.o
    0x20000123   0x00000001   PAD
    0x20000124   0x00000005   Data   RW          772    .data               bsp_timer.o
    0x20000129   0x00000003   PAD
    0x2000012c   0x00000008   Data   RW          885    .data               bsp_tm1639.o
    0x20000134   0x00000008   Data   RW          981    .data               bsp_uart_fifo.o
    0x2000013c   0x0000000e   Data   RW         1191    .data               bsp_stmflash.o
    0x2000014a   0x00000007   Data   RW         1318    .data               bsp_fifo_key.o
    0x20000151   0x00000001   PAD
    0x20000152   0x00000004   Data   RW         1400    .data               bsp_hc595.o
    0x20000156   0x00000008   Data   RW         1443    .data               bsp_cd4067.o
    0x2000015e   0x0000000d   Data   RW         1495    .data               bsp_cd4051.o
    0x2000016b   0x00000001   PAD
    0x2000016c   0x00000015   Data   RW         1563    .data               bsp_cs5463.o
    0x20000181   0x00000014   Data   RW         1691    .data               stm32f10x_rcc.o
    0x20000195   0x00000003   PAD
    0x20000198   0x00000014   Data   RW         3374    .data               system_stm32f10x.o
    0x200001ac   0x0000000c   Zero   RW           12    .bss                main.o
    0x200001b8   0x00000020   Zero   RW          649    .bss                check_app.o
    0x200001d8   0x00000020   Zero   RW          771    .bss                bsp_timer.o
    0x200001f8   0x0000108c   Zero   RW          980    .bss                bsp_uart_fifo.o
    0x20001284   0x00000146   Zero   RW         1273    .bss                bsp_fifo.o
    0x200013ca   0x00000002   PAD
    0x200013cc   0x00000040   Zero   RW         1317    .bss                bsp_fifo_key.o
    0x2000140c   0x00000004   PAD
    0x20001410   0x00002000   Zero   RW         1651    STACK               startup_stm32f10x_hd.o


==============================================================================

Image component sizes


      Code (inc. data)   RO Data    RW Data    ZI Data      Debug   Object Name

       140          8          0          0          0        603   bsp_adc.o
       476         30          0          0          0       1785   bsp_can.o
       928         52          0         13          0       4718   bsp_cd4051.o
      1092         44          0          8          0       4498   bsp_cd4067.o
        32          4          0        256          0       1117   bsp_crc8.o
      2260        306          0         21          0       8792   bsp_cs5463.o
       642        136          0          0          0       3827   bsp_dht11.o
        40          8          0          0        326        688   bsp_fifo.o
       622         70          0          7         64       6226   bsp_fifo_key.o
       364         30          0          4          0       3217   bsp_hc595.o
         0          0          0         14          0        775   bsp_stmflash.o
       240         28          0          5         32      18890   bsp_timer.o
        96          6          0          0          0        664   bsp_timertim3.o
       738         34         44          8          0       3849   bsp_tm1639.o
      1478        124          0          8       4236      14054   bsp_uart_fifo.o
       664        192          0          3          0      19780   bus_app.o
       960        138          0          0         32       3117   check_app.o
       220         26          0          4          0       1667   delay.o
      1614        344         70         24         12     274830   main.o
       152         12          0          0          0       1694   misc.o
        36          8        304          0       8192        936   startup_stm32f10x_hd.o
       254         24          0          0          0       6367   stm32f10x_adc.o
       798          6          0          0          0       3893   stm32f10x_can.o
       304          0          0          0          0       3900   stm32f10x_gpio.o
       272         16          0          4          0       4794   stm32f10x_it.o
       332         44          0         20          0       5854   stm32f10x_rcc.o
       274         42          0          0          0       5629   stm32f10x_tim.o
       434          6          0          0          0       6469   stm32f10x_usart.o
       328         28          0         20          0       2589   system_stm32f10x.o

    ----------------------------------------------------------------------
     15822       1766        452        428      12900     415222   Object Totals
         0          0         32          0          0          0   (incl. Generated)
        32          0          2          9          6          0   (incl. Padding)

    ----------------------------------------------------------------------

      Code (inc. data)   RO Data    RW Data    ZI Data      Debug   Library Member Name

        86          0          0          0          0          0   __dczerorl2.o
         0          0          0          0          0          0   entry.o
         0          0          0          0          0          0   entry10a.o
         0          0          0          0          0          0   entry11a.o
         8          4          0          0          0          0   entry2.o
         4          0          0          0          0          0   entry5.o
         0          0          0          0          0          0   entry7b.o
         0          0          0          0          0          0   entry8b.o
         8          4          0          0          0          0   entry9a.o
        30          0          0          0          0          0   handlers.o
        36          8          0          0          0         68   init.o
         0          0          0          0          0          0   iusefp.o
        30          0          0          0          0         68   llshl.o
        32          0          0          0          0         68   llushr.o
      1154         54          0          0          0        352   printf8.o
        98          0          0          0          0         92   uldiv.o
        56          0          0          0          0         88   d2f.o
       222          0          0          0          0        100   ddiv.o
       186          0          0          0          0        176   depilogue.o
        26          0          0          0          0         76   dfltui.o
       110          0          0          0          0        168   fepilogue.o
        40          0          0          0          0         68   ffixui.o
       100          0          0          0          0         76   fmul.o

    ----------------------------------------------------------------------
      2230         70          0          0          0       1400   Library Totals
         4          0          0          0          0          0   (incl. Padding)

    ----------------------------------------------------------------------

      Code (inc. data)   RO Data    RW Data    ZI Data      Debug   Library Name

      1486         70          0          0          0        648   mc_w.l
       740          0          0          0          0        752   mf_w.l

    ----------------------------------------------------------------------
      2230         70          0          0          0       1400   Library Totals

    ----------------------------------------------------------------------

==============================================================================


      Code (inc. data)   RO Data    RW Data    ZI Data      Debug   

     18052       1836        452        428      12900     407078   Grand Totals
     18052       1836        452        308      12900     407078   ELF Image Totals (compressed)
     18052       1836        452        308          0          0   ROM Totals

==============================================================================

    Total RO  Size (Code + RO Data)                18504 (  18.07kB)
    Total RW  Size (RW Data + ZI Data)             13328 (  13.02kB)
    Total ROM Size (Code + RO Data + RW Data)      18812 (  18.37kB)

==============================================================================

